Component: ARM Compiler 5.06 update 6 (build 750) Tool: armlink [4d35ed]

==============================================================================

Section Cross References

    startup_stm32f411xe.o(RESET) refers to startup_stm32f411xe.o(STACK) for __initial_sp
    startup_stm32f411xe.o(RESET) refers to startup_stm32f411xe.o(.text) for Reset_Handler
    startup_stm32f411xe.o(RESET) refers to stm32f4xx_it.o(i.NMI_Handler) for NMI_Handler
    startup_stm32f411xe.o(RESET) refers to stm32f4xx_it.o(i.HardFault_Handler) for HardFault_Handler
    startup_stm32f411xe.o(RESET) refers to stm32f4xx_it.o(i.MemManage_Handler) for MemManage_Handler
    startup_stm32f411xe.o(RESET) refers to stm32f4xx_it.o(i.BusFault_Handler) for BusFault_Handler
    startup_stm32f411xe.o(RESET) refers to stm32f4xx_it.o(i.UsageFault_Handler) for UsageFault_Handler
    startup_stm32f411xe.o(RESET) refers to stm32f4xx_it.o(i.SVC_Handler) for SVC_Handler
    startup_stm32f411xe.o(RESET) refers to stm32f4xx_it.o(i.DebugMon_Handler) for DebugMon_Handler
    startup_stm32f411xe.o(RESET) refers to stm32f4xx_it.o(i.PendSV_Handler) for PendSV_Handler
    startup_stm32f411xe.o(RESET) refers to stm32f4xx_it.o(i.SysTick_Handler) for SysTick_Handler
    startup_stm32f411xe.o(.text) refers to system_stm32f4xx.o(i.SystemInit) for SystemInit
    startup_stm32f411xe.o(.text) refers to entry.o(.ARM.Collect$$$$00000000) for __main
    main.o(i.SystemClock_Config) refers to memseta.o(.text) for __aeabi_memclr4
    main.o(i.SystemClock_Config) refers to stm32f4xx_hal_rcc.o(i.HAL_RCC_OscConfig) for HAL_RCC_OscConfig
    main.o(i.SystemClock_Config) refers to main.o(i.Error_Handler) for Error_Handler
    main.o(i.SystemClock_Config) refers to stm32f4xx_hal_rcc.o(i.HAL_RCC_ClockConfig) for HAL_RCC_ClockConfig
    main.o(i.main) refers to stm32f4xx_hal.o(i.HAL_Init) for HAL_Init
    main.o(i.main) refers to main.o(i.SystemClock_Config) for SystemClock_Config
    main.o(i.main) refers to gpio.o(i.MX_GPIO_Init) for MX_GPIO_Init
    main.o(i.main) refers to app_x-cube-ai.o(i.MX_X_CUBE_AI_Init) for MX_X_CUBE_AI_Init
    main.o(i.main) refers to app_x-cube-ai.o(i.MX_X_CUBE_AI_Process) for MX_X_CUBE_AI_Process
    gpio.o(i.MX_GPIO_Init) refers to memseta.o(.text) for __aeabi_memclr4
    gpio.o(i.MX_GPIO_Init) refers to stm32f4xx_hal_gpio.o(i.HAL_GPIO_WritePin) for HAL_GPIO_WritePin
    gpio.o(i.MX_GPIO_Init) refers to stm32f4xx_hal_gpio.o(i.HAL_GPIO_Init) for HAL_GPIO_Init
    stm32f4xx_it.o(i.SysTick_Handler) refers to stm32f4xx_hal.o(i.HAL_IncTick) for HAL_IncTick
    stm32f4xx_hal_rcc.o(i.HAL_RCC_ClockConfig) refers to stm32f4xx_hal.o(i.HAL_GetTick) for HAL_GetTick
    stm32f4xx_hal_rcc.o(i.HAL_RCC_ClockConfig) refers to stm32f4xx_hal_rcc.o(i.HAL_RCC_GetSysClockFreq) for HAL_RCC_GetSysClockFreq
    stm32f4xx_hal_rcc.o(i.HAL_RCC_ClockConfig) refers to stm32f4xx_hal.o(i.HAL_InitTick) for HAL_InitTick
    stm32f4xx_hal_rcc.o(i.HAL_RCC_ClockConfig) refers to system_stm32f4xx.o(.constdata) for AHBPrescTable
    stm32f4xx_hal_rcc.o(i.HAL_RCC_ClockConfig) refers to system_stm32f4xx.o(.data) for SystemCoreClock
    stm32f4xx_hal_rcc.o(i.HAL_RCC_ClockConfig) refers to stm32f4xx_hal.o(.data) for uwTickPrio
    stm32f4xx_hal_rcc.o(i.HAL_RCC_GetHCLKFreq) refers to system_stm32f4xx.o(.data) for SystemCoreClock
    stm32f4xx_hal_rcc.o(i.HAL_RCC_GetPCLK1Freq) refers to stm32f4xx_hal_rcc.o(i.HAL_RCC_GetHCLKFreq) for HAL_RCC_GetHCLKFreq
    stm32f4xx_hal_rcc.o(i.HAL_RCC_GetPCLK1Freq) refers to system_stm32f4xx.o(.constdata) for APBPrescTable
    stm32f4xx_hal_rcc.o(i.HAL_RCC_GetPCLK2Freq) refers to stm32f4xx_hal_rcc.o(i.HAL_RCC_GetHCLKFreq) for HAL_RCC_GetHCLKFreq
    stm32f4xx_hal_rcc.o(i.HAL_RCC_GetPCLK2Freq) refers to system_stm32f4xx.o(.constdata) for APBPrescTable
    stm32f4xx_hal_rcc.o(i.HAL_RCC_GetSysClockFreq) refers to uldiv.o(.text) for __aeabi_uldivmod
    stm32f4xx_hal_rcc.o(i.HAL_RCC_MCOConfig) refers to stm32f4xx_hal_gpio.o(i.HAL_GPIO_Init) for HAL_GPIO_Init
    stm32f4xx_hal_rcc.o(i.HAL_RCC_NMI_IRQHandler) refers to stm32f4xx_hal_rcc.o(i.HAL_RCC_CSSCallback) for HAL_RCC_CSSCallback
    stm32f4xx_hal_rcc.o(i.HAL_RCC_OscConfig) refers to stm32f4xx_hal.o(i.HAL_GetTick) for HAL_GetTick
    stm32f4xx_hal_rcc_ex.o(i.HAL_RCCEx_DisablePLLI2S) refers to stm32f4xx_hal.o(i.HAL_GetTick) for HAL_GetTick
    stm32f4xx_hal_rcc_ex.o(i.HAL_RCCEx_EnablePLLI2S) refers to stm32f4xx_hal.o(i.HAL_GetTick) for HAL_GetTick
    stm32f4xx_hal_rcc_ex.o(i.HAL_RCCEx_PeriphCLKConfig) refers to stm32f4xx_hal.o(i.HAL_GetTick) for HAL_GetTick
    stm32f4xx_hal_rcc_ex.o(i.HAL_RCC_DeInit) refers to stm32f4xx_hal.o(i.HAL_GetTick) for HAL_GetTick
    stm32f4xx_hal_rcc_ex.o(i.HAL_RCC_DeInit) refers to stm32f4xx_hal.o(i.HAL_InitTick) for HAL_InitTick
    stm32f4xx_hal_rcc_ex.o(i.HAL_RCC_DeInit) refers to system_stm32f4xx.o(.data) for SystemCoreClock
    stm32f4xx_hal_rcc_ex.o(i.HAL_RCC_DeInit) refers to stm32f4xx_hal.o(.data) for uwTickPrio
[...]
    ../fplib/microlib/f2d.c                  0x00000000   Number         0  f2d.o ABSOLUTE
    ../fplib/microlib/fpepilogue.c           0x00000000   Number         0  fepilogue.o ABSOLUTE
    ../fplib/microlib/fpfix.c                0x00000000   Number         0  ffixl.o ABSOLUTE
    ../fplib/microlib/fprem.c                0x00000000   Number         0  frem.o ABSOLUTE
    ../fplib/microlib/fprnd.c                0x00000000   Number         0  frnd.o ABSOLUTE
    ../fplib/microlib/fpstat.c               0x00000000   Number         0  fpstat.o ABSOLUTE
    ../mathlib/acosf.c                       0x00000000   Number         0  acosf.o ABSOLUTE
    ../mathlib/acosf.c                       0x00000000   Number         0  acosf_x.o ABSOLUTE
    ../mathlib/acoshf.c                      0x00000000   Number         0  acoshf_x.o ABSOLUTE
    ../mathlib/acoshf.c                      0x00000000   Number         0  acoshf.o ABSOLUTE
    ../mathlib/asinf.c                       0x00000000   Number         0  asinf_x.o ABSOLUTE
    ../mathlib/asinf.c                       0x00000000   Number         0  asinf.o ABSOLUTE
    ../mathlib/asinhf.c                      0x00000000   Number         0  asinhf.o ABSOLUTE
    ../mathlib/asinhf.c                      0x00000000   Number         0  asinhf_x.o ABSOLUTE
    ../mathlib/atanf.c                       0x00000000   Number         0  atanf_x.o ABSOLUTE
    ../mathlib/atanf.c                       0x00000000   Number         0  atanf.o ABSOLUTE
    ../mathlib/atanhf.c                      0x00000000   Number         0  atanhf_x.o ABSOLUTE
    ../mathlib/atanhf.c                      0x00000000   Number         0  atanhf.o ABSOLUTE
    ../mathlib/ceilf.c                       0x00000000   Number         0  ceilf.o ABSOLUTE
    ../mathlib/cosf.c                        0x00000000   Number         0  cosf_x.o ABSOLUTE
    ../mathlib/cosf.c                        0x00000000   Number         0  cosf.o ABSOLUTE
    ../mathlib/coshf.c                       0x00000000   Number         0  coshf_x.o ABSOLUTE
    ../mathlib/coshf.c                       0x00000000   Number         0  coshf.o ABSOLUTE
    ../mathlib/erff.c                        0x00000000   Number         0  erff_x.o ABSOLUTE
    ../mathlib/erff.c                        0x00000000   Number         0  erff.o ABSOLUTE
    ../mathlib/expf.c                        0x00000000   Number         0  expf.o ABSOLUTE
    ../mathlib/expf.c                        0x00000000   Number         0  expf_x.o ABSOLUTE
    ../mathlib/floorf.c                      0x00000000   Number         0  floorf.o ABSOLUTE
    ../mathlib/fmodf.c                       0x00000000   Number         0  fmodf_x.o ABSOLUTE
    ../mathlib/fmodf.c                       0x00000000   Number         0  fmodf.o ABSOLUTE
    ../mathlib/fpclassifyf.c                 0x00000000   Number         0  fpclassifyf.o ABSOLUTE
    ../mathlib/funder.c                      0x00000000   Number         0  funder.o ABSOLUTE
    ../mathlib/log1pf.c                      0x00000000   Number         0  log1pf_x.o ABSOLUTE
    ../mathlib/log1pf.c                      0x00000000   Number         0  log1pf_i.o ABSOLUTE
    ../mathlib/logf.c                        0x00000000   Number         0  logf_i.o ABSOLUTE
    ../mathlib/logf.c                        0x00000000   Number         0  logf.o ABSOLUTE
    ../mathlib/logf.c                        0x00000000   Number         0  logf_x.o ABSOLUTE
    ../mathlib/powf.c                        0x00000000   Number         0  powf_x.o ABSOLUTE
    ../mathlib/powf.c                        0x00000000   Number         0  powf.o ABSOLUTE
    ../mathlib/round.c                       0x00000000   Number         0  roundf.o ABSOLUTE
    ../mathlib/rredf.c                       0x00000000   Number         0  rredf.o ABSOLUTE
    ../mathlib/sinf.c                        0x00000000   Number         0  sinf.o ABSOLUTE
    ../mathlib/sinf.c                        0x00000000   Number         0  sinf_x.o ABSOLUTE
    ../mathlib/sinhf.c                       0x00000000   Number         0  sinhf_x.o ABSOLUTE
    ../mathlib/sinhf.c                       0x00000000   Number         0  sinhf.o ABSOLUTE
    ../mathlib/sqrtf.c                       0x00000000   Number         0  sqrtf.o ABSOLUTE
    ../mathlib/sqrtf.c                       0x00000000   Number         0  sqrtf_x.o ABSOLUTE
    ../mathlib/tanf.c                        0x00000000   Number         0  tanf_x.o ABSOLUTE
    ../mathlib/tanf.c                        0x00000000   Number         0  tanf.o ABSOLUTE
    ../mathlib/tanhf.c                       0x00000000   Number         0  tanhf_x.o ABSOLUTE
    ../mathlib/tanhf.c                       0x00000000   Number         0  tanhf.o ABSOLUTE
    ..\..\src\ai_lite\src\kernels\common\lite_nl_relu_if32of32.c 0x00000000   Number         0  lite_nl_relu_if32of32.o ABSOLUTE
    ..\..\src\ai_lite\src\kernels\common\lite_nl_softmax_if32of32.c 0x00000000   Number         0  lite_nl_softmax_if32of32.o ABSOLUTE
    ..\..\src\ai_lite\src\kernels\forward_lite_conv2d_if32of32wf32.c 0x00000000   Number         0  forward_lite_conv2d_if32of32wf32.o ABSOLUTE
    ..\..\src\ai_lite\src\kernels\lite_dense_if32.c 0x00000000   Number         0  lite_dense_if32.o ABSOLUTE
    ..\..\src\ai_lite\src\kernels\lite_nl_generic_float.c 0x00000000   Number         0  lite_nl_generic_float.o ABSOLUTE
    ..\..\src\api\ai_platform_interface.c    0x00000000   Number         0  ai_platform_interface.o ABSOLUTE
    ..\..\src\helpers\ai_math_helpers.c      0x00000000   Number         0  ai_math_helpers.o ABSOLUTE
    ..\..\src\helpers\common\ai_math_elementwise_mul_int8.c 0x00000000   Number         0  ai_math_elementwise_mul_int8.o ABSOLUTE
    ..\..\src\helpers\common\ai_math_elementwise_sum_int8.c 0x00000000   Number         0  ai_math_elementwise_sum_int8.o ABSOLUTE
    ..\..\src\layers\common\layers_conv2d_integer_scratch.c 0x00000000   Number         0  layers_conv2d_integer_scratch.o ABSOLUTE
    ..\..\src\layers\layers.c                0x00000000   Number         0  layers.o ABSOLUTE
    ..\..\src\layers\layers_conv2d_generic_float.c 0x00000000   Number         0  layers_conv2d_generic_float.o ABSOLUTE
    ..\..\src\layers\layers_nl_generic_float.c 0x00000000   Number         0  layers_nl_generic_float.o ABSOLUTE
    ..\..\stm32\Drivers\ST_CMSIS\NN\Source\NNSupportFunctions\st_align_factor.c 0x00000000   Number         0  st_align_factor.o ABSOLUTE
    ..\..\stm32\Drivers\ST_CMSIS\NN\Source\NNSupportFunctions\st_dsp\st_int8_fill.c 0x00000000   Number         0  st_int8_fill.o ABSOLUTE
    ..\Core\Src\gpio.c                       0x00000000   Number         0  gpio.o ABSOLUTE
    ..\Core\Src\main.c                       0x00000000   Number         0  main.o ABSOLUTE
    ..\Core\Src\stm32f4xx_hal_msp.c          0x00000000   Number         0  stm32f4xx_hal_msp.o ABSOLUTE
    ..\Core\Src\stm32f4xx_it.c               0x00000000   Number         0  stm32f4xx_it.o ABSOLUTE
    ..\Core\Src\system_stm32f4xx.c           0x00000000   Number         0  system_stm32f4xx.o ABSOLUTE
    ..\Drivers\STM32F4xx_HAL_Driver\Src\stm32f4xx_hal.c 0x00000000   Number         0  stm32f4xx_hal.o ABSOLUTE
    ..\Drivers\STM32F4xx_HAL_Driver\Src\stm32f4xx_hal_cortex.c 0x00000000   Number         0  stm32f4xx_hal_cortex.o ABSOLUTE
    ..\Drivers\STM32F4xx_HAL_Driver\Src\stm32f4xx_hal_dma.c 0x00000000   Number         0  stm32f4xx_hal_dma.o ABSOLUTE
    ..\Drivers\STM32F4xx_HAL_Driver\Src\stm32f4xx_hal_dma_ex.c 0x00000000   Number         0  stm32f4xx_hal_dma_ex.o ABSOLUTE
    ..\Drivers\STM32F4xx_HAL_Driver\Src\stm32f4xx_hal_exti.c 0x00000000   Number         0  stm32f4xx_hal_exti.o ABSOLUTE
    ..\Drivers\STM32F4xx_HAL_Driver\Src\stm32f4xx_hal_flash.c 0x00000000   Number         0  stm32f4xx_hal_flash.o ABSOLUTE
    ..\Drivers\STM32F4xx_HAL_Driver\Src\stm32f4xx_hal_flash_ex.c 0x00000000   Number         0  stm32f4xx_hal_flash_ex.o ABSOLUTE
    ..\Drivers\STM32F4xx_HAL_Driver\Src\stm32f4xx_hal_flash_ramfunc.c 0x00000000   Number         0  stm32f4xx_hal_flash_ramfunc.o ABSOLUTE
    ..\Drivers\STM32F4xx_HAL_Driver\Src\stm32f4xx_hal_gpio.c 0x00000000   Number         0  stm32f4xx_hal_gpio.o ABSOLUTE
    ..\Drivers\STM32F4xx_HAL_Driver\Src\stm32f4xx_hal_pwr.c 0x00000000   Number         0  stm32f4xx_hal_pwr.o ABSOLUTE
    ..\Drivers\STM32F4xx_HAL_Driver\Src\stm32f4xx_hal_pwr_ex.c 0x00000000   Number         0  stm32f4xx_hal_pwr_ex.o ABSOLUTE
    ..\Drivers\STM32F4xx_HAL_Driver\Src\stm32f4xx_hal_rcc.c 0x00000000   Number         0  stm32f4xx_hal_rcc.o ABSOLUTE
    ..\Drivers\STM32F4xx_HAL_Driver\Src\stm32f4xx_hal_rcc_ex.c 0x00000000   Number         0  stm32f4xx_hal_rcc_ex.o ABSOLUTE
    ..\Fwlib\DebugLog\LogPrint\PrintService.c 0x00000000   Number         0  printservice.o ABSOLUTE
    ..\Fwlib\RingBuffer\RingBufferModule.c   0x00000000   Number         0  ringbuffermodule.o ABSOLUTE
    ..\Fwlib\SeggerRtt\SEGGER_RTT.c          0x00000000   Number         0  segger_rtt.o ABSOLUTE
    ..\Fwlib\SeggerRtt\SeggerRtt.c           0x00000000   Number         0  seggerrtt.o ABSOLUTE
    ..\Fwlib\StdSnbc\StdFunction.c           0x00000000   Number         0  stdfunction.o ABSOLUTE
    ..\X-CUBE-AI\App\app_x-cube-ai.c         0x00000000   Number         0  app_x-cube-ai.o ABSOLUTE
    dc.s                                     0x00000000   Number         0  dc.o ABSOLUTE
    handlers.s                               0x00000000   Number         0  handlers.o ABSOLUTE
    init.s                                   0x00000000   Number         0  init.o ABSOLUTE
    startup_stm32f411xe.s                    0x00000000   Number         0  startup_stm32f411xe.o ABSOLUTE
    RESET                                    0x08000000   Section      408  startup_stm32f411xe.o(RESET)
    .ARM.Collect$$$$00000000                 0x08000198   Section        0  entry.o(.ARM.Collect$$$$00000000)
    .ARM.Collect$$$$00000001                 0x08000198   Section        4  entry2.o(.ARM.Collect$$$$00000001)
    .ARM.Collect$$$$00000004                 0x0800019c   Section        4  entry5.o(.ARM.Collect$$$$00000004)
    .ARM.Collect$$$$00000008                 0x080001a0   Section        0  entry7b.o(.ARM.Collect$$$$00000008)
    .ARM.Collect$$$$0000000A                 0x080001a0   Section        0  entry8b.o(.ARM.Collect$$$$0000000A)
    .ARM.Collect$$$$0000000B                 0x080001a0   Section        8  entry9a.o(.ARM.Collect$$$$0000000B)
    .ARM.Collect$$$$0000000D                 0x080001a8   Section        0  entry10a.o(.ARM.Collect$$$$0000000D)
    .ARM.Collect$$$$0000000F                 0x080001a8   Section        0  entry11a.o(.ARM.Collect$$$$0000000F)
    .ARM.Collect$$$$00002712                 0x080001a8   Section        4  entry2.o(.ARM.Collect$$$$00002712)
    __lit__00000000                          0x080001a8   Data           4  entry2.o(.ARM.Collect$$$$00002712)
    .text                                    0x080001ac   Section       36  startup_stm32f411xe.o(.text)
    $v0                                      0x080001ac   Number         0  startup_stm32f411xe.o(.text)
    .text                                    0x080001d0   Section        0  uldiv.o(.text)
    .text                                    0x08000232   Section        0  memcpya.o(.text)
    .text                                    0x08000256   Section        0  memseta.o(.text)
    .text                                    0x0800027a   Section        0  memcmp.o(.text)
    .text                                    0x08000294   Section        0  f2d.o(.text)
    .text                                    0x080002ba   Section        0  llshl.o(.text)
    .text                                    0x080002d8   Section        0  llushr.o(.text)
    .text                                    0x080002f8   Section       36  init.o(.text)
    .text                                    0x080002f8   Section        0  iusefp.o(.text)
    .text                                    0x0800031c   Section        0  __dczerorl2.o(.text)
    i.BusFault_Handler                       0x08000372   Section        0  stm32f4xx_it.o(i.BusFault_Handler)
    i.DEBUG_LOG_PRINTF                       0x08000378   Section        0  printservice.o(i.DEBUG_LOG_PRINTF)
    i.DebugMon_Handler                       0x080003c8   Section        0  stm32f4xx_it.o(i.DebugMon_Handler)
    i.Divide                                 0x080003ca   Section        0  printservice.o(i.Divide)
    i.Error_Handler                          0x080003f6   Section        0  main.o(i.Error_Handler)
    i.HAL_Delay                              0x080003fc   Section        0  stm32f4xx_hal.o(i.HAL_Delay)
    i.HAL_GPIO_Init                          0x08000424   Section        0  stm32f4xx_hal_gpio.o(i.HAL_GPIO_Init)
    i.HAL_GPIO_WritePin                      0x080005ec   Section        0  stm32f4xx_hal_gpio.o(i.HAL_GPIO_WritePin)
    i.HAL_GetTick                            0x080005f8   Section        0  stm32f4xx_hal.o(i.HAL_GetTick)
    i.HAL_IncTick                            0x08000604   Section        0  stm32f4xx_hal.o(i.HAL_IncTick)
    i.HAL_Init                               0x0800061c   Section        0  stm32f4xx_hal.o(i.HAL_Init)
    i.HAL_InitTick                           0x08000658   Section        0  stm32f4xx_hal.o(i.HAL_InitTick)
    i.HAL_MspInit                            0x080006a4   Section        0  stm32f4xx_hal_msp.o(i.HAL_MspInit)
    i.HAL_NVIC_SetPriority                   0x080006ec   Section        0  stm32f4xx_hal_cortex.o(i.HAL_NVIC_SetPriority)
    i.HAL_NVIC_SetPriorityGrouping           0x08000768   Section        0  stm32f4xx_hal_cortex.o(i.HAL_NVIC_SetPriorityGrouping)
    i.HAL_RCC_ClockConfig                    0x08000790   Section        0  stm32f4xx_hal_rcc.o(i.HAL_RCC_ClockConfig)
    i.HAL_RCC_GetSysClockFreq                0x08000914   Section        0  stm32f4xx_hal_rcc.o(i.HAL_RCC_GetSysClockFreq)
    i.HAL_RCC_OscConfig                      0x080009c4   Section        0  stm32f4xx_hal_rcc.o(i.HAL_RCC_OscConfig)
    i.HAL_SYSTICK_Config                     0x08000e60   Section        0  stm32f4xx_hal_cortex.o(i.HAL_SYSTICK_Config)
    i.HardFault_Handler                      0x08000e94   Section        0  stm32f4xx_it.o(i.HardFault_Handler)
    i.MX_GPIO_Init                           0x08000e98   Section        0  gpio.o(i.MX_GPIO_Init)
    i.MX_X_CUBE_AI_Init                      0x08000f30   Section        0  app_x-cube-ai.o(i.MX_X_CUBE_AI_Init)
    i.MX_X_CUBE_AI_Process                   0x08000f5c   Section        0  app_x-cube-ai.o(i.MX_X_CUBE_AI_Process)
    i.MemManage_Handler                      0x08000fc0   Section        0  stm32f4xx_it.o(i.MemManage_Handler)
    i.NMI_Handler                            0x08000fc4   Section        0  stm32f4xx_it.o(i.NMI_Handler)
    i.PendSV_Handler                         0x08000fc8   Section        0  stm32f4xx_it.o(i.PendSV_Handler)
    i.PrintNumber                            0x08000fcc   Section        0  printservice.o(i.PrintNumber)
    PrintNumber                              0x08000fcd   Thumb Code   314  printservice.o(i.PrintNumber)
    i.RtStrlen                               0x08001110   Section        0  printservice.o(i.RtStrlen)
    RtStrlen                                 0x08001111   Thumb Code    18  printservice.o(i.RtStrlen)
    i.RtVsnprintf                            0x08001124   Section        0  printservice.o(i.RtVsnprintf)
    RtVsnprintf                              0x08001125   Thumb Code   800  printservice.o(i.RtVsnprintf)
    i.SEGGER_RTT_Write                       0x0800144c   Section        0  segger_rtt.o(i.SEGGER_RTT_Write)
    i.SEGGER_RTT_WriteNoLock                 0x08001494   Section        0  segger_rtt.o(i.SEGGER_RTT_WriteNoLock)
    i.SVC_Handler                            0x08001518   Section        0  stm32f4xx_it.o(i.SVC_Handler)
    i.SeggerRttWrite                         0x0800151a   Section        0  seggerrtt.o(i.SeggerRttWrite)
    i.SkipAtoi                               0x08001530   Section        0  printservice.o(i.SkipAtoi)
    i.SysTick_Handler                        0x08001556   Section        0  stm32f4xx_it.o(i.SysTick_Handler)
    i.SystemClock_Config                     0x08001560   Section        0  main.o(i.SystemClock_Config)
    i.SystemInit                             0x08001610   Section        0  system_stm32f4xx.o(i.SystemInit)
    i.UsageFault_Handler                     0x08001624   Section        0  stm32f4xx_it.o(i.UsageFault_Handler)
    i._DoInit                                0x08001628   Section        0  segger_rtt.o(i._DoInit)
    _DoInit                                  0x08001629   Thumb Code    46  segger_rtt.o(i._DoInit)
    i._GetAvailWriteSpace                    0x0800165c   Section        0  segger_rtt.o(i._GetAvailWriteSpace)
    _GetAvailWriteSpace                      0x0800165d   Thumb Code    28  segger_rtt.o(i._GetAvailWriteSpace)
    i._WriteBlocking                         0x08001678   Section        0  segger_rtt.o(i._WriteBlocking)
    _WriteBlocking                           0x08001679   Thumb Code   114  segger_rtt.o(i._WriteBlocking)
    i._WriteNoCheck                          0x080016ea   Section        0  segger_rtt.o(i._WriteNoCheck)
    _WriteNoCheck                            0x080016eb   Thumb Code    76  segger_rtt.o(i._WriteNoCheck)
    i.__ARM_fpclassifyf                      0x08001736   Section        0  fpclassifyf.o(i.__ARM_fpclassifyf)
    i.__NVIC_GetPriorityGrouping             0x0800175c   Section        0  stm32f4xx_hal_cortex.o(i.__NVIC_GetPriorityGrouping)
    __NVIC_GetPriorityGrouping               0x0800175d   Thumb Code    10  stm32f4xx_hal_cortex.o(i.__NVIC_GetPriorityGrouping)
    i.__NVIC_SetPriority                     0x0800176c   Section        0  stm32f4xx_hal_cortex.o(i.__NVIC_SetPriority)
    __NVIC_SetPriority                       0x0800176d   Thumb Code    32  stm32f4xx_hal_cortex.o(i.__NVIC_SetPriority)
    i.__ai_math_dot_array                    0x08001794   Section        0  lite_dense_if32.o(i.__ai_math_dot_array)
    __ai_math_dot_array                      0x08001795   Thumb Code   304  lite_dense_if32.o(i.__ai_math_dot_array)
    i.__hardfp_expf                          0x080018c8   Section        0  expf.o(i.__hardfp_expf)
    i.__hardfp_sinf                          0x08001ab0   Section        0  sinf.o(i.__hardfp_sinf)
    i.__hardfp_tanhf                         0x08001c40   Section        0  tanhf.o(i.__hardfp_tanhf)
    i.__mathlib_flt_infnan                   0x08001d24   Section        0  funder.o(i.__mathlib_flt_infnan)
    i.__mathlib_flt_invalid                  0x08001d2c   Section        0  funder.o(i.__mathlib_flt_invalid)
    i.__mathlib_flt_overflow                 0x08001d3c   Section        0  funder.o(i.__mathlib_flt_overflow)
    i.__mathlib_flt_underflow                0x08001d4c   Section        0  funder.o(i.__mathlib_flt_underflow)
    i.__mathlib_rredf2                       0x08001d5c   Section        0  rredf.o(i.__mathlib_rredf2)
    i.__scatterload_copy                     0x08001eb0   Section       14  handlers.o(i.__scatterload_copy)
    i.__scatterload_null                     0x08001ebe   Section        2  handlers.o(i.__scatterload_null)
    i.__scatterload_zeroinit                 0x08001ec0   Section       14  handlers.o(i.__scatterload_zeroinit)
    i.__set_errno                            0x08001ed0   Section        0  errno.o(i.__set_errno)
    i._ai_forward_layer                      0x08001edc   Section        0  layers.o(i._ai_forward_layer)
    _ai_forward_layer                        0x08001edd   Thumb Code    18  layers.o(i._ai_forward_layer)
    i._ai_platform_get_io_buffers_info       0x08001ef0   Section        0  ai_platform_interface.o(i._ai_platform_get_io_buffers_info)
    _ai_platform_get_io_buffers_info         0x08001ef1   Thumb Code   218  ai_platform_interface.o(i._ai_platform_get_io_buffers_info)
    i._lite_dict4_dot_array_f32              0x08001fd0   Section        0  lite_dense_if32.o(i._lite_dict4_dot_array_f32)
    _lite_dict4_dot_array_f32                0x08001fd1   Thumb Code   294  lite_dense_if32.o(i._lite_dict4_dot_array_f32)
    i._lite_dict8_dot_array_f32              0x080020fc   Section        0  lite_dense_if32.o(i._lite_dict8_dot_array_f32)
    _lite_dict8_dot_array_f32                0x080020fd   Thumb Code   226  lite_dense_if32.o(i._lite_dict8_dot_array_f32)
    i._platform_ai_buffer_array_copy         0x080021e4   Section        0  ai_platform_interface.o(i._platform_ai_buffer_array_copy)
    _platform_ai_buffer_array_copy           0x080021e5   Thumb Code    76  ai_platform_interface.o(i._platform_ai_buffer_array_copy)
    i._platform_get_table_map_from_buffer    0x08002230   Section        0  ai_platform_interface.o(i._platform_get_table_map_from_buffer)
    _platform_get_table_map_from_buffer      0x08002231   Thumb Code    74  ai_platform_interface.o(i._platform_get_table_map_from_buffer)
    i._platform_get_table_map_from_buffer_array 0x08002280   Section        0  ai_platform_interface.o(i._platform_get_table_map_from_buffer_array)
    _platform_get_table_map_from_buffer_array 0x08002281   Thumb Code    68  ai_platform_interface.o(i._platform_get_table_map_from_buffer_array)
    i._platform_network_buffers_signature_valid 0x080022c4   Section        0  ai_platform_interface.o(i._platform_network_buffers_signature_valid)
    _platform_network_buffers_signature_valid 0x080022c5   Thumb Code    14  ai_platform_interface.o(i._platform_network_buffers_signature_valid)
    i._platform_network_io_bind              0x080022d8   Section        0  ai_platform_interface.o(i._platform_network_io_bind)
    _platform_network_io_bind                0x080022d9   Thumb Code   528  ai_platform_interface.o(i._platform_network_io_bind)
    i._platform_network_state_setup          0x080024e8   Section        0  ai_platform_interface.o(i._platform_network_state_setup)
    _platform_network_state_setup            0x080024e9   Thumb Code    62  ai_platform_interface.o(i._platform_network_state_setup)
    i._platform_network_state_update_input   0x08002526   Section        0  ai_platform_interface.o(i._platform_network_state_update_input)
    _platform_network_state_update_input     0x08002527   Thumb Code   104  ai_platform_interface.o(i._platform_network_state_update_input)
    i._platform_network_state_update_output  0x0800258e   Section        0  ai_platform_interface.o(i._platform_network_state_update_output)
    _platform_network_state_update_output    0x0800258f   Thumb Code   124  ai_platform_interface.o(i._platform_network_state_update_output)
    i.acquire_and_process_data               0x0800260c   Section        0  app_x-cube-ai.o(i.acquire_and_process_data)
    i.ai_array_get_data_byte_size            0x080026a0   Section        0  ai_datatypes_format.o(i.ai_array_get_data_byte_size)
    i.ai_array_to_buffer_fmt                 0x080026c0   Section        0  ai_datatypes_format.o(i.ai_array_to_buffer_fmt)
    i.ai_boostrap                            0x080027ec   Section        0  app_x-cube-ai.o(i.ai_boostrap)
    ai_boostrap                              0x080027ed   Thumb Code   122  app_x-cube-ai.o(i.ai_boostrap)
    i.ai_buffer_array_item_set_address       0x080028a0   Section        0  ai_platform.o(i.ai_buffer_array_item_set_address)
    i.ai_buffer_array_sane                   0x080028c4   Section        0  ai_platform.o(i.ai_buffer_array_sane)
    i.ai_buffer_get_size                     0x080028d8   Section        0  ai_platform.o(i.ai_buffer_get_size)
    i.ai_check_custom_types                  0x08002940   Section        0  layers.o(i.ai_check_custom_types)
    i.ai_layers_forward_all                  0x0800296c   Section        0  layers.o(i.ai_layers_forward_all)
    i.ai_layers_init_all                     0x080029bc   Section        0  layers.o(i.ai_layers_init_all)
    i.ai_layers_post_init_all                0x080029da   Section        0  layers.o(i.ai_layers_post_init_all)
    i.ai_log_err                             0x08002a10   Section        0  app_x-cube-ai.o(i.ai_log_err)
    ai_log_err                               0x08002a11   Thumb Code    38  app_x-cube-ai.o(i.ai_log_err)
    i.ai_platform_bind_network_params        0x08002a8c   Section        0  ai_platform_interface.o(i.ai_platform_bind_network_params)
    i.ai_platform_context_acquire            0x08002ab8   Section        0  ai_platform_interface.o(i.ai_platform_context_acquire)
    i.ai_platform_get_activations_map        0x08002acc   Section        0  ai_platform_interface.o(i.ai_platform_get_activations_map)
    i.ai_platform_get_weights_map            0x08002af8   Section        0  ai_platform_interface.o(i.ai_platform_get_weights_map)
    i.ai_platform_inputs_get                 0x08002b20   Section        0  ai_platform_interface.o(i.ai_platform_inputs_get)
    i.ai_platform_network_create             0x08002b64   Section        0  ai_platform_interface.o(i.ai_platform_network_create)
    i.ai_platform_network_get_error          0x08002c00   Section        0  ai_platform_interface.o(i.ai_platform_network_get_error)
    i.ai_platform_network_init               0x08002c1c   Section        0  ai_platform_interface.o(i.ai_platform_network_init)
    i.ai_platform_network_post_init          0x08002d34   Section        0  ai_platform_interface.o(i.ai_platform_network_post_init)
    i.ai_platform_network_process            0x08002d84   Section        0  ai_platform_interface.o(i.ai_platform_network_process)
    i.ai_platform_network_set_error          0x08002dd8   Section        0  ai_platform_interface.o(i.ai_platform_network_set_error)
    i.ai_platform_outputs_get                0x08002de4   Section        0  ai_platform_interface.o(i.ai_platform_outputs_get)
    i.ai_run                                 0x08002e2c   Section        0  app_x-cube-ai.o(i.ai_run)
    ai_run                                   0x08002e2d   Thumb Code    44  app_x-cube-ai.o(i.ai_run)
    i.ai_shape_get_size                      0x08002e7c   Section        0  layers_nl_generic_float.o(i.ai_shape_get_size)
    ai_shape_get_size                        0x08002e7d   Thumb Code    26  layers_nl_generic_float.o(i.ai_shape_get_size)
    i.ai_sin_cauclaute_create                0x08002e98   Section        0  sin_cauclaute.o(i.ai_sin_cauclaute_create)
    i.ai_sin_cauclaute_create_and_init       0x08002ebc   Section        0  sin_cauclaute.o(i.ai_sin_cauclaute_create_and_init)
    i.ai_sin_cauclaute_data_params_get       0x08002f44   Section        0  sin_cauclaute_data.o(i.ai_sin_cauclaute_data_params_get)
    i.ai_sin_cauclaute_get_error             0x08002f74   Section        0  sin_cauclaute.o(i.ai_sin_cauclaute_get_error)
    i.ai_sin_cauclaute_init                  0x08002f82   Section        0  sin_cauclaute.o(i.ai_sin_cauclaute_init)
    i.ai_sin_cauclaute_inputs_get            0x08002fc0   Section        0  sin_cauclaute.o(i.ai_sin_cauclaute_inputs_get)
    i.ai_sin_cauclaute_outputs_get           0x08002fe0   Section        0  sin_cauclaute.o(i.ai_sin_cauclaute_outputs_get)
    i.ai_sin_cauclaute_run                   0x08003000   Section        0  sin_cauclaute.o(i.ai_sin_cauclaute_run)
    i.ai_version_get                         0x08003014   Section        0  ai_datatypes_internal.o(i.ai_version_get)
    i.core_get_error                         0x08003020   Section        0  core_common.o(i.core_get_error)
    i.core_init                              0x0800302c   Section        0  core_common.o(i.core_init)
    i.core_set_error                         0x08003030   Section        0  core_common.o(i.core_set_error)
    i.forward_dense                          0x0800304c   Section        0  layers_conv2d_generic_float.o(i.forward_dense)
    i.forward_lite_dense_if32of32wf32        0x08003194   Section        0  lite_dense_if32.o(i.forward_lite_dense_if32of32wf32)
    i.forward_lite_dense_if32of32wf32_lut4   0x0800322c   Section        0  lite_dense_if32.o(i.forward_lite_dense_if32of32wf32_lut4)
    i.forward_lite_dense_if32of32wf32_lut8   0x080032d8   Section        0  lite_dense_if32.o(i.forward_lite_dense_if32of32wf32_lut8)
    i.forward_tanh                           0x08003384   Section        0  layers_nl_generic_float.o(i.forward_tanh)
    i.get_tensor_byte_size                   0x080033e4   Section        0  ai_datatypes_internal.o(i.get_tensor_byte_size)
    i.main                                   0x0800340c   Section        0  main.o(i.main)
    i.nl_func_tanh_array_f32                 0x08003424   Section        0  layers_nl_generic_float.o(i.nl_func_tanh_array_f32)
    i.post_process                           0x08003454   Section        0  app_x-cube-ai.o(i.post_process)
    i.sin_cauclaute_configure_activations    0x080034dc   Section        0  sin_cauclaute.o(i.sin_cauclaute_configure_activations)
    sin_cauclaute_configure_activations      0x080034dd   Thumb Code   138  sin_cauclaute.o(i.sin_cauclaute_configure_activations)
    i.sin_cauclaute_configure_weights        0x08003584   Section        0  sin_cauclaute.o(i.sin_cauclaute_configure_weights)
    sin_cauclaute_configure_weights          0x08003585   Thumb Code   214  sin_cauclaute.o(i.sin_cauclaute_configure_weights)
    i.st_int8_copy                           0x08003678   Section        0  st_int8_fill.o(i.st_int8_copy)
    .constdata                               0x08003708   Section       24  system_stm32f4xx.o(.constdata)
    .constdata                               0x08003720   Section      312  sin_cauclaute.o(.constdata)
    gemm_4_chain                             0x08003720   Data           8  sin_cauclaute.o(.constdata)
    nl_3_chain                               0x08003728   Data           8  sin_cauclaute.o(.constdata)
    gemm_2_chain                             0x08003730   Data           8  sin_cauclaute.o(.constdata)
    nl_1_chain                               0x08003738   Data           8  sin_cauclaute.o(.constdata)
    gemm_0_chain                             0x08003740   Data           8  sin_cauclaute.o(.constdata)
    .constdata                               0x08003858   Section      104  sin_cauclaute_data.o(.constdata)
    .constdata                               0x080038c0   Section      328  sin_cauclaute_data_params.o(.constdata)
    .constdata                               0x08003a08   Section        4  app_x-cube-ai.o(.constdata)
    .constdata                               0x08003a0c   Section       45  printservice.o(.constdata)
    sModuleVersion                           0x08003a0c   Data          11  printservice.o(.constdata)
    small_digits                             0x08003a17   Data          17  printservice.o(.constdata)
    large_digits                             0x08003a28   Data          17  printservice.o(.constdata)
    .constdata                               0x08003a3c   Section      104  ai_platform_interface.o(.constdata)
    .constdata                               0x08003aa4   Section       48  expf.o(.constdata)
    twotokover4top                           0x08003aa4   Data          16  expf.o(.constdata)
    twotokover4bot                           0x08003ab4   Data          16  expf.o(.constdata)
    twotokover4all                           0x08003ac4   Data          16  expf.o(.constdata)
    .constdata                               0x08003ad4   Section       32  rredf.o(.constdata)
    twooverpi                                0x08003ad4   Data          32  rredf.o(.constdata)
    .conststring                             0x08003af4   Section      105  sin_cauclaute.o(.conststring)
    .data                                    0x20000000   Section        9  stm32f4xx_hal.o(.data)
    .data                                    0x2000000c   Section        4  system_stm32f4xx.o(.data)
    .data                                    0x20000010   Section     1636  sin_cauclaute.o(.data)
    <Data1>                                  0x20000010   Data          16  sin_cauclaute.o(.data)
    <Data2>                                  0x20000020   Data          16  sin_cauclaute.o(.data)
    <Data3>                                  0x20000030   Data          16  sin_cauclaute.o(.data)
    <Data4>                                  0x20000040   Data          16  sin_cauclaute.o(.data)
    <Data5>                                  0x20000050   Data          16  sin_cauclaute.o(.data)
    <Data6>                                  0x20000060   Data          16  sin_cauclaute.o(.data)
    <Data7>                                  0x20000070   Data          16  sin_cauclaute.o(.data)
    <Data8>                                  0x20000080   Data          16  sin_cauclaute.o(.data)
    <Data9>                                  0x20000090   Data          16  sin_cauclaute.o(.data)
    <Data10>                                 0x200000a0   Data          16  sin_cauclaute.o(.data)
    <Data11>                                 0x200000b0   Data          16  sin_cauclaute.o(.data)
    <Data12>                                 0x200000c0   Data          16  sin_cauclaute.o(.data)
    <Data13>                                 0x200000d0   Data          16  sin_cauclaute.o(.data)
    <Data14>                                 0x200000e0   Data          16  sin_cauclaute.o(.data)
    <Data15>                                 0x200000f0   Data          16  sin_cauclaute.o(.data)
    <Data16>                                 0x20000100   Data          16  sin_cauclaute.o(.data)
    <Data17>                                 0x20000110   Data          16  sin_cauclaute.o(.data)
    <Data18>                                 0x20000120   Data          16  sin_cauclaute.o(.data)
    <Data19>                                 0x20000130   Data          16  sin_cauclaute.o(.data)
    <Data20>                                 0x20000140   Data          16  sin_cauclaute.o(.data)
    <Data21>                                 0x20000150   Data          16  sin_cauclaute.o(.data)
    <Data22>                                 0x20000160   Data          16  sin_cauclaute.o(.data)
    <Data23>                                 0x20000170   Data          16  sin_cauclaute.o(.data)
    <Data24>                                 0x20000180   Data          16  sin_cauclaute.o(.data)
    <Data25>                                 0x20000190   Data           4  sin_cauclaute.o(.data)
    <Data26>                                 0x20000194   Data           4  sin_cauclaute.o(.data)
    <Data27>                                 0x20000198   Data           8  sin_cauclaute.o(.data)
    <Data28>                                 0x200001a0   Data           4  sin_cauclaute.o(.data)
    <Data29>                                 0x200001a4   Data          48  sin_cauclaute.o(.data)
    <Data30>                                 0x200001d4   Data           4  sin_cauclaute.o(.data)
    <Data31>                                 0x200001d8   Data           4  sin_cauclaute.o(.data)
    <Data32>                                 0x200001dc   Data           4  sin_cauclaute.o(.data)
    <Data33>                                 0x200001e0   Data           4  sin_cauclaute.o(.data)
    <Data34>                                 0x200001e4   Data          48  sin_cauclaute.o(.data)
    <Data35>                                 0x20000214   Data           4  sin_cauclaute.o(.data)
    <Data36>                                 0x20000218   Data           4  sin_cauclaute.o(.data)
    <Data37>                                 0x2000021c   Data           8  sin_cauclaute.o(.data)
    <Data38>                                 0x20000224   Data           4  sin_cauclaute.o(.data)
    <Data39>                                 0x20000228   Data          48  sin_cauclaute.o(.data)
    <Data40>                                 0x20000258   Data           4  sin_cauclaute.o(.data)
    <Data41>                                 0x2000025c   Data           4  sin_cauclaute.o(.data)
    <Data42>                                 0x20000260   Data           4  sin_cauclaute.o(.data)
    <Data43>                                 0x20000264   Data           4  sin_cauclaute.o(.data)
    <Data44>                                 0x20000268   Data          48  sin_cauclaute.o(.data)
    <Data45>                                 0x20000298   Data           4  sin_cauclaute.o(.data)
    <Data46>                                 0x2000029c   Data           4  sin_cauclaute.o(.data)
    <Data47>                                 0x200002a0   Data           8  sin_cauclaute.o(.data)
    <Data48>                                 0x200002a8   Data           4  sin_cauclaute.o(.data)
    <Data49>                                 0x200002ac   Data          48  sin_cauclaute.o(.data)
    <Data50>                                 0x200002dc   Data          16  sin_cauclaute.o(.data)
    <Data51>                                 0x200002ec   Data          28  sin_cauclaute.o(.data)
    <Data52>                                 0x20000308   Data          16  sin_cauclaute.o(.data)
    <Data53>                                 0x20000318   Data          28  sin_cauclaute.o(.data)
    <Data54>                                 0x20000334   Data           4  sin_cauclaute.o(.data)
    <Data57>                                 0x20000338   Data           8  sin_cauclaute.o(.data)
    <Data58>                                 0x20000340   Data          12  sin_cauclaute.o(.data)
    <Data59>                                 0x2000034c   Data           4  sin_cauclaute.o(.data)
    <Data62>                                 0x20000350   Data           8  sin_cauclaute.o(.data)
    <Data63>                                 0x20000358   Data          12  sin_cauclaute.o(.data)
    <Data64>                                 0x20000364   Data          24  sin_cauclaute.o(.data)
    g_sin_cauclaute_activations_map          0x2000037c   Data           4  sin_cauclaute.o(.data)
    g_sin_cauclaute_weights_map              0x20000380   Data           4  sin_cauclaute.o(.data)
    serving_default_dense_input0_output_array 0x20000384   Data          16  sin_cauclaute.o(.data)
    gemm_0_output_array                      0x20000394   Data          16  sin_cauclaute.o(.data)
    nl_1_output_array                        0x200003a4   Data          16  sin_cauclaute.o(.data)
    gemm_2_output_array                      0x200003b4   Data          16  sin_cauclaute.o(.data)
    nl_3_output_array                        0x200003c4   Data          16  sin_cauclaute.o(.data)
    gemm_4_output_array                      0x200003d4   Data          16  sin_cauclaute.o(.data)
    gemm_0_weights_array                     0x200003e4   Data          16  sin_cauclaute.o(.data)
    gemm_0_bias_array                        0x200003f4   Data          16  sin_cauclaute.o(.data)
    gemm_2_weights_array                     0x20000404   Data          16  sin_cauclaute.o(.data)
    gemm_2_bias_array                        0x20000414   Data          16  sin_cauclaute.o(.data)
    gemm_4_weights_array                     0x20000424   Data          16  sin_cauclaute.o(.data)
    gemm_4_bias_array                        0x20000434   Data          16  sin_cauclaute.o(.data)
    gemm_0_bias                              0x20000444   Data          28  sin_cauclaute.o(.data)
    gemm_0_output                            0x20000460   Data          28  sin_cauclaute.o(.data)
    gemm_0_weights                           0x2000047c   Data          28  sin_cauclaute.o(.data)
    gemm_2_bias                              0x20000498   Data          28  sin_cauclaute.o(.data)
    gemm_2_output                            0x200004b4   Data          28  sin_cauclaute.o(.data)
    gemm_2_weights                           0x200004d0   Data          28  sin_cauclaute.o(.data)
    gemm_4_bias                              0x200004ec   Data          28  sin_cauclaute.o(.data)
    gemm_4_output                            0x20000508   Data          28  sin_cauclaute.o(.data)
    gemm_4_weights                           0x20000524   Data          28  sin_cauclaute.o(.data)
    nl_1_output                              0x20000540   Data          28  sin_cauclaute.o(.data)
    nl_3_output                              0x2000055c   Data          28  sin_cauclaute.o(.data)
    serving_default_dense_input0_output      0x20000578   Data          28  sin_cauclaute.o(.data)
    gemm_4_layer                             0x20000594   Data          28  sin_cauclaute.o(.data)
    nl_3_layer                               0x200005b0   Data          32  sin_cauclaute.o(.data)
    gemm_2_layer                             0x200005d0   Data          28  sin_cauclaute.o(.data)
    nl_1_layer                               0x200005ec   Data          32  sin_cauclaute.o(.data)
    gemm_0_layer                             0x2000060c   Data          28  sin_cauclaute.o(.data)
    g_sin_cauclaute                          0x20000628   Data          76  sin_cauclaute.o(.data)
    .data                                    0x20000674   Section       88  sin_cauclaute_data.o(.data)
    <Data1>                                  0x20000674   Data          16  sin_cauclaute_data.o(.data)
    <Data2>                                  0x20000684   Data          16  sin_cauclaute_data.o(.data)
    .data                                    0x200006cc   Section       36  app_x-cube-ai.o(.data)
    sin_cauclaute                            0x200006d8   Data           4  app_x-cube-ai.o(.data)
    ai_input                                 0x200006dc   Data           4  app_x-cube-ai.o(.data)
    ai_output                                0x200006e0   Data           4  app_x-cube-ai.o(.data)
    sInputDeg                                0x200006e4   Data           4  app_x-cube-ai.o(.data)
    sYTrue                                   0x200006e8   Data           4  app_x-cube-ai.o(.data)
    sDeg                                     0x200006ec   Data           4  app_x-cube-ai.o(.data)
    .data                                    0x200006f0   Section       24  printservice.o(.data)
    sDebugLogPrintfCallback                  0x20000700   Data           4  printservice.o(.data)
    DebugLogTimeCounter                      0x20000704   Data           4  printservice.o(.data)
    .data                                    0x20000708   Section        4  errno.o(.data)
    _errno                                   0x20000708   Data           4  errno.o(.data)
    .bss                                     0x2000070c   Section       88  sin_cauclaute.o(.bss)
    <Data55>                                 0x2000070c   Data          28  sin_cauclaute.o(.bss)
    <Data56>                                 0x20000728   Data          16  sin_cauclaute.o(.bss)
    <Data60>                                 0x20000738   Data          28  sin_cauclaute.o(.bss)
    <Data61>                                 0x20000754   Data          16  sin_cauclaute.o(.bss)
    .bss                                     0x20000780   Section       60  app_x-cube-ai.o(.bss)
    pool0                                    0x20000780   Data          60  app_x-cube-ai.o(.bss)
    .bss                                     0x200007bc   Section      512  printservice.o(.bss)
    rt_log_buf                               0x200007bc   Data         512  printservice.o(.bss)
    .bss                                     0x200009bc   Section      168  segger_rtt.o(.bss)
    STACK                                    0x20000a68   Section     2048  startup_stm32f411xe.o(STACK)

    Global Symbols

    Symbol Name                              Value     Ov Type        Size  Object(Section)

    BuildAttributes$$THM_ISAv4$E$P$D$K$B$S$7EM$VFPi3$EXTD16$VFPS$VFMA$PE$A:L22UL41UL21$X:L11$S22US41US21$IEEE1$IW$USESV6$~STKCKD$USESV7$~SHL$OTIME$ROPI$IEEEX$EBA8$MICROLIB$REQ8$PRES8$EABIv2 0x00000000   Number         0  anon$$obj.o ABSOLUTE
    __ARM_use_no_argv                        0x00000000   Number         0  main.o ABSOLUTE
    __cpp_initialize__aeabi_                  - Undefined Weak Reference
    __cxa_finalize                            - Undefined Weak Reference
    _clock_init                               - Undefined Weak Reference
    _microlib_exit                            - Undefined Weak Reference
    __Vectors_Size                           0x00000198   Number         0  startup_stm32f411xe.o ABSOLUTE
    __Vectors                                0x08000000   Data           4  startup_stm32f411xe.o(RESET)
    __Vectors_End                            0x08000198   Data           0  startup_stm32f411xe.o(RESET)
    __main                                   0x08000199   Thumb Code     0  entry.o(.ARM.Collect$$$$00000000)
    _main_stk                                0x08000199   Thumb Code     0  entry2.o(.ARM.Collect$$$$00000001)
    _main_scatterload                        0x0800019d   Thumb Code     0  entry5.o(.ARM.Collect$$$$00000004)
    __main_after_scatterload                 0x080001a1   Thumb Code     0  entry5.o(.ARM.Collect$$$$00000004)
    _main_clock                              0x080001a1   Thumb Code     0  entry7b.o(.ARM.Collect$$$$00000008)
    _main_cpp_init                           0x080001a1   Thumb Code     0  entry8b.o(.ARM.Collect$$$$0000000A)
    _main_init                               0x080001a1   Thumb Code     0  entry9a.o(.ARM.Collect$$$$0000000B)
    __rt_final_cpp                           0x080001a9   Thumb Code     0  entry10a.o(.ARM.Collect$$$$0000000D)
    __rt_final_exit                          0x080001a9   Thumb Code     0  entry11a.o(.ARM.Collect$$$$0000000F)
    Reset_Handler                            0x080001ad   Thumb Code     8  startup_stm32f411xe.o(.text)
    ADC_IRQHandler                           0x080001c7   Thumb Code     0  startup_stm32f411xe.o(.text)
    DMA1_Stream0_IRQHandler                  0x080001c7   Thumb Code     0  startup_stm32f411xe.o(.text)
    DMA1_Stream1_IRQHandler                  0x080001c7   Thumb Code     0  startup_stm32f411xe.o(.text)
    DMA1_Stream2_IRQHandler                  0x080001c7   Thumb Code     0  startup_stm32f411xe.o(.text)
    DMA1_Stream3_IRQHandler                  0x080001c7   Thumb Code     0  startup_stm32f411xe.o(.text)
    DMA1_Stream4_IRQHandler                  0x080001c7   Thumb Code     0  startup_stm32f411xe.o(.text)
    DMA1_Stream5_IRQHandler                  0x080001c7   Thumb Code     0  startup_stm32f411xe.o(.text)
    DMA1_Stream6_IRQHandler                  0x080001c7   Thumb Code     0  startup_stm32f411xe.o(.text)
    DMA1_Stream7_IRQHandler                  0x080001c7   Thumb Code     0  startup_stm32f411xe.o(.text)
    DMA2_Stream0_IRQHandler                  0x080001c7   Thumb Code     0  startup_stm32f411xe.o(.text)
    DMA2_Stream1_IRQHandler                  0x080001c7   Thumb Code     0  startup_stm32f411xe.o(.text)
    DMA2_Stream2_IRQHandler                  0x080001c7   Thumb Code     0  startup_stm32f411xe.o(.text)
    DMA2_Stream3_IRQHandler                  0x080001c7   Thumb Code     0  startup_stm32f411xe.o(.text)
    DMA2_Stream4_IRQHandler                  0x080001c7   Thumb Code     0  startup_stm32f411xe.o(.text)
    DMA2_Stream5_IRQHandler                  0x080001c7   Thumb Code     0  startup_stm32f411xe.o(.text)
    DMA2_Stream6_IRQHandler                  0x080001c7   Thumb Code     0  startup_stm32f411xe.o(.text)
    DMA2_Stream7_IRQHandler                  0x080001c7   Thumb Code     0  startup_stm32f411xe.o(.text)
    EXTI0_IRQHandler                         0x080001c7   Thumb Code     0  startup_stm32f411xe.o(.text)
    EXTI15_10_IRQHandler                     0x080001c7   Thumb Code     0  startup_stm32f411xe.o(.text)
    EXTI1_IRQHandler                         0x080001c7   Thumb Code     0  startup_stm32f411xe.o(.text)
    EXTI2_IRQHandler                         0x080001c7   Thumb Code     0  startup_stm32f411xe.o(.text)
    EXTI3_IRQHandler                         0x080001c7   Thumb Code     0  startup_stm32f411xe.o(.text)
    EXTI4_IRQHandler                         0x080001c7   Thumb Code     0  startup_stm32f411xe.o(.text)
    EXTI9_5_IRQHandler                       0x080001c7   Thumb Code     0  startup_stm32f411xe.o(.text)
    FLASH_IRQHandler                         0x080001c7   Thumb Code     0  startup_stm32f411xe.o(.text)
    FPU_IRQHandler                           0x080001c7   Thumb Code     0  startup_stm32f411xe.o(.text)
    I2C1_ER_IRQHandler                       0x080001c7   Thumb Code     0  startup_stm32f411xe.o(.text)
    I2C1_EV_IRQHandler                       0x080001c7   Thumb Code     0  startup_stm32f411xe.o(.text)
    I2C2_ER_IRQHandler                       0x080001c7   Thumb Code     0  startup_stm32f411xe.o(.text)
    I2C2_EV_IRQHandler                       0x080001c7   Thumb Code     0  startup_stm32f411xe.o(.text)
    I2C3_ER_IRQHandler                       0x080001c7   Thumb Code     0  startup_stm32f411xe.o(.text)
    I2C3_EV_IRQHandler                       0x080001c7   Thumb Code     0  startup_stm32f411xe.o(.text)
    OTG_FS_IRQHandler                        0x080001c7   Thumb Code     0  startup_stm32f411xe.o(.text)
    OTG_FS_WKUP_IRQHandler                   0x080001c7   Thumb Code     0  startup_stm32f411xe.o(.text)
    PVD_IRQHandler                           0x080001c7   Thumb Code     0  startup_stm32f411xe.o(.text)
    RCC_IRQHandler                           0x080001c7   Thumb Code     0  startup_stm32f411xe.o(.text)
    RTC_Alarm_IRQHandler                     0x080001c7   Thumb Code     0  startup_stm32f411xe.o(.text)
    RTC_WKUP_IRQHandler                      0x080001c7   Thumb Code     0  startup_stm32f411xe.o(.text)
    SDIO_IRQHandler                          0x080001c7   Thumb Code     0  startup_stm32f411xe.o(.text)
    SPI1_IRQHandler                          0x080001c7   Thumb Code     0  startup_stm32f411xe.o(.text)
    SPI2_IRQHandler                          0x080001c7   Thumb Code     0  startup_stm32f411xe.o(.text)
    SPI3_IRQHandler                          0x080001c7   Thumb Code     0  startup_stm32f411xe.o(.text)
    SPI4_IRQHandler                          0x080001c7   Thumb Code     0  startup_stm32f411xe.o(.text)
    SPI5_IRQHandler                          0x080001c7   Thumb Code     0  startup_stm32f411xe.o(.text)
    TAMP_STAMP_IRQHandler                    0x080001c7   Thumb Code     0  startup_stm32f411xe.o(.text)
    TIM1_BRK_TIM9_IRQHandler                 0x080001c7   Thumb Code     0  startup_stm32f411xe.o(.text)
    TIM1_CC_IRQHandler                       0x080001c7   Thumb Code     0  startup_stm32f411xe.o(.text)
    TIM1_TRG_COM_TIM11_IRQHandler            0x080001c7   Thumb Code     0  startup_stm32f411xe.o(.text)
    TIM1_UP_TIM10_IRQHandler                 0x080001c7   Thumb Code     0  startup_stm32f411xe.o(.text)
    TIM2_IRQHandler                          0x080001c7   Thumb Code     0  startup_stm32f411xe.o(.text)
    TIM3_IRQHandler                          0x080001c7   Thumb Code     0  startup_stm32f411xe.o(.text)
    TIM4_IRQHandler                          0x080001c7   Thumb Code     0  startup_stm32f411xe.o(.text)
    TIM5_IRQHandler                          0x080001c7   Thumb Code     0  startup_stm32f411xe.o(.text)
    USART1_IRQHandler                        0x080001c7   Thumb Code     0  startup_stm32f411xe.o(.text)
    USART2_IRQHandler                        0x080001c7   Thumb Code     0  startup_stm32f411xe.o(.text)
    USART6_IRQHandler                        0x080001c7   Thumb Code     0  startup_stm32f411xe.o(.text)
    WWDG_IRQHandler                          0x080001c7   Thumb Code     0  startup_stm32f411xe.o(.text)
    __aeabi_uldivmod                         0x080001d1   Thumb Code    98  uldiv.o(.text)
    __aeabi_memcpy                           0x08000233   Thumb Code    36  memcpya.o(.text)
    __aeabi_memcpy4                          0x08000233   Thumb Code     0  memcpya.o(.text)
    __aeabi_memcpy8                          0x08000233   Thumb Code     0  memcpya.o(.text)
    __aeabi_memset                           0x08000257   Thumb Code    14  memseta.o(.text)
    __aeabi_memset4                          0x08000257   Thumb Code     0  memseta.o(.text)
    __aeabi_memset8                          0x08000257   Thumb Code     0  memseta.o(.text)
    __aeabi_memclr                           0x08000265   Thumb Code     4  memseta.o(.text)
    __aeabi_memclr4                          0x08000265   Thumb Code     0  memseta.o(.text)
    __aeabi_memclr8                          0x08000265   Thumb Code     0  memseta.o(.text)
    _memset$wrapper                          0x08000269   Thumb Code    18  memseta.o(.text)
    memcmp                                   0x0800027b   Thumb Code    26  memcmp.o(.text)
    __aeabi_f2d                              0x08000295   Thumb Code    38  f2d.o(.text)
    __aeabi_llsl                             0x080002bb   Thumb Code    30  llshl.o(.text)
    _ll_shift_l                              0x080002bb   Thumb Code     0  llshl.o(.text)
    __aeabi_llsr                             0x080002d9   Thumb Code    32  llushr.o(.text)
    _ll_ushift_r                             0x080002d9   Thumb Code     0  llushr.o(.text)
    __I$use$fp                               0x080002f9   Thumb Code     0  iusefp.o(.text)
    __scatterload                            0x080002f9   Thumb Code    28  init.o(.text)
    __scatterload_rt2                        0x080002f9   Thumb Code     0  init.o(.text)
    __decompress                             0x0800031d   Thumb Code     0  __dczerorl2.o(.text)
    __decompress1                            0x0800031d   Thumb Code    86  __dczerorl2.o(.text)
    BusFault_Handler                         0x08000373   Thumb Code     4  stm32f4xx_it.o(i.BusFault_Handler)
    DEBUG_LOG_PRINTF                         0x08000379   Thumb Code    70  printservice.o(i.DEBUG_LOG_PRINTF)
    DebugMon_Handler                         0x080003c9   Thumb Code     2  stm32f4xx_it.o(i.DebugMon_Handler)
    Divide                                   0x080003cb   Thumb Code    44  printservice.o(i.Divide)
    Error_Handler                            0x080003f7   Thumb Code     6  main.o(i.Error_Handler)
    HAL_Delay                                0x080003fd   Thumb Code    36  stm32f4xx_hal.o(i.HAL_Delay)
    HAL_GPIO_Init                            0x08000425   Thumb Code   424  stm32f4xx_hal_gpio.o(i.HAL_GPIO_Init)
    HAL_GPIO_WritePin                        0x080005ed   Thumb Code    12  stm32f4xx_hal_gpio.o(i.HAL_GPIO_WritePin)
    HAL_GetTick                              0x080005f9   Thumb Code     6  stm32f4xx_hal.o(i.HAL_GetTick)
    HAL_IncTick                              0x08000605   Thumb Code    16  stm32f4xx_hal.o(i.HAL_IncTick)
    HAL_Init                                 0x0800061d   Thumb Code    54  stm32f4xx_hal.o(i.HAL_Init)
    HAL_InitTick                             0x08000659   Thumb Code    64  stm32f4xx_hal.o(i.HAL_InitTick)
    HAL_MspInit                              0x080006a5   Thumb Code    68  stm32f4xx_hal_msp.o(i.HAL_MspInit)
    HAL_NVIC_SetPriority                     0x080006ed   Thumb Code   124  stm32f4xx_hal_cortex.o(i.HAL_NVIC_SetPriority)
    HAL_NVIC_SetPriorityGrouping             0x08000769   Thumb Code    32  stm32f4xx_hal_cortex.o(i.HAL_NVIC_SetPriorityGrouping)
    HAL_RCC_ClockConfig                      0x08000791   Thumb Code   368  stm32f4xx_hal_rcc.o(i.HAL_RCC_ClockConfig)
    HAL_RCC_GetSysClockFreq                  0x08000915   Thumb Code   162  stm32f4xx_hal_rcc.o(i.HAL_RCC_GetSysClockFreq)
    HAL_RCC_OscConfig                        0x080009c5   Thumb Code  1172  stm32f4xx_hal_rcc.o(i.HAL_RCC_OscConfig)
    HAL_SYSTICK_Config                       0x08000e61   Thumb Code    52  stm32f4xx_hal_cortex.o(i.HAL_SYSTICK_Config)
    HardFault_Handler                        0x08000e95   Thumb Code     4  stm32f4xx_it.o(i.HardFault_Handler)
    MX_GPIO_Init                             0x08000e99   Thumb Code   142  gpio.o(i.MX_GPIO_Init)
    MX_X_CUBE_AI_Init                        0x08000f31   Thumb Code    16  app_x-cube-ai.o(i.MX_X_CUBE_AI_Init)
    MX_X_CUBE_AI_Process                     0x08000f5d   Thumb Code    64  app_x-cube-ai.o(i.MX_X_CUBE_AI_Process)
    MemManage_Handler                        0x08000fc1   Thumb Code     4  stm32f4xx_it.o(i.MemManage_Handler)
    NMI_Handler                              0x08000fc5   Thumb Code     4  stm32f4xx_it.o(i.NMI_Handler)
    PendSV_Handler                           0x08000fc9   Thumb Code     2  stm32f4xx_it.o(i.PendSV_Handler)
    SEGGER_RTT_Write                         0x0800144d   Thumb Code    68  segger_rtt.o(i.SEGGER_RTT_Write)
    SEGGER_RTT_WriteNoLock                   0x08001495   Thumb Code   126  segger_rtt.o(i.SEGGER_RTT_WriteNoLock)
    SVC_Handler                              0x08001519   Thumb Code     2  stm32f4xx_it.o(i.SVC_Handler)
    SeggerRttWrite                           0x0800151b   Thumb Code    22  seggerrtt.o(i.SeggerRttWrite)
    SkipAtoi                                 0x08001531   Thumb Code    38  printservice.o(i.SkipAtoi)
    SysTick_Handler                          0x08001557   Thumb Code     8  stm32f4xx_it.o(i.SysTick_Handler)
    SystemClock_Config                       0x08001561   Thumb Code   168  main.o(i.SystemClock_Config)
    SystemInit                               0x08001611   Thumb Code    14  system_stm32f4xx.o(i.SystemInit)
    UsageFault_Handler                       0x08001625   Thumb Code     4  stm32f4xx_it.o(i.UsageFault_Handler)
    __ARM_fpclassifyf                        0x08001737   Thumb Code    38  fpclassifyf.o(i.__ARM_fpclassifyf)
    __hardfp_expf                            0x080018c9   Thumb Code   426  expf.o(i.__hardfp_expf)
    __mathlib_expf                           0x080018c9   Thumb Code     0  expf.o(i.__hardfp_expf)
    __hardfp_sinf                            0x08001ab1   Thumb Code   344  sinf.o(i.__hardfp_sinf)
    __hardfp_tanhf                           0x08001c41   Thumb Code   208  tanhf.o(i.__hardfp_tanhf)
    __mathlib_flt_infnan                     0x08001d25   Thumb Code     6  funder.o(i.__mathlib_flt_infnan)
    __mathlib_flt_invalid                    0x08001d2d   Thumb Code    10  funder.o(i.__mathlib_flt_invalid)
    __mathlib_flt_overflow                   0x08001d3d   Thumb Code    10  funder.o(i.__mathlib_flt_overflow)
    __mathlib_flt_underflow                  0x08001d4d   Thumb Code    10  funder.o(i.__mathlib_flt_underflow)
    __mathlib_rredf2                         0x08001d5d   Thumb Code   316  rredf.o(i.__mathlib_rredf2)
    __scatterload_copy                       0x08001eb1   Thumb Code    14  handlers.o(i.__scatterload_copy)
    __scatterload_null                       0x08001ebf   Thumb Code     2  handlers.o(i.__scatterload_null)
    __scatterload_zeroinit                   0x08001ec1   Thumb Code    14  handlers.o(i.__scatterload_zeroinit)
    __set_errno                              0x08001ed1   Thumb Code     6  errno.o(i.__set_errno)
    acquire_and_process_data                 0x0800260d   Thumb Code   122  app_x-cube-ai.o(i.acquire_and_process_data)
    ai_array_get_data_byte_size              0x080026a1   Thumb Code    30  ai_datatypes_format.o(i.ai_array_get_data_byte_size)
    ai_array_to_buffer_fmt                   0x080026c1   Thumb Code   248  ai_datatypes_format.o(i.ai_array_to_buffer_fmt)
    ai_buffer_array_item_set_address         0x080028a1   Thumb Code    36  ai_platform.o(i.ai_buffer_array_item_set_address)
    ai_buffer_array_sane                     0x080028c5   Thumb Code    18  ai_platform.o(i.ai_buffer_array_sane)
    ai_buffer_get_size                       0x080028d9   Thumb Code    96  ai_platform.o(i.ai_buffer_get_size)
    ai_check_custom_types                    0x08002941   Thumb Code    38  layers.o(i.ai_check_custom_types)
    ai_layers_forward_all                    0x0800296d   Thumb Code    80  layers.o(i.ai_layers_forward_all)
    ai_layers_init_all                       0x080029bd   Thumb Code    30  layers.o(i.ai_layers_init_all)
    ai_layers_post_init_all                  0x080029db   Thumb Code    54  layers.o(i.ai_layers_post_init_all)
    ai_platform_bind_network_params          0x08002a8d   Thumb Code    38  ai_platform_interface.o(i.ai_platform_bind_network_params)
    ai_platform_context_acquire              0x08002ab9   Thumb Code    14  ai_platform_interface.o(i.ai_platform_context_acquire)
    ai_platform_get_activations_map          0x08002acd   Thumb Code    38  ai_platform_interface.o(i.ai_platform_get_activations_map)
    ai_platform_get_weights_map              0x08002af9   Thumb Code    36  ai_platform_interface.o(i.ai_platform_get_weights_map)
    ai_platform_inputs_get                   0x08002b21   Thumb Code    66  ai_platform_interface.o(i.ai_platform_inputs_get)
    ai_platform_network_create               0x08002b65   Thumb Code   146  ai_platform_interface.o(i.ai_platform_network_create)
    ai_platform_network_get_error            0x08002c01   Thumb Code    24  ai_platform_interface.o(i.ai_platform_network_get_error)
    ai_platform_network_init                 0x08002c1d   Thumb Code   262  ai_platform_interface.o(i.ai_platform_network_init)
    ai_platform_network_post_init            0x08002d35   Thumb Code    76  ai_platform_interface.o(i.ai_platform_network_post_init)
    ai_platform_network_process              0x08002d85   Thumb Code    84  ai_platform_interface.o(i.ai_platform_network_process)
    ai_platform_network_set_error            0x08002dd9   Thumb Code    12  ai_platform_interface.o(i.ai_platform_network_set_error)
    ai_platform_outputs_get                  0x08002de5   Thumb Code    72  ai_platform_interface.o(i.ai_platform_outputs_get)
    ai_sin_cauclaute_create                  0x08002e99   Thumb Code    30  sin_cauclaute.o(i.ai_sin_cauclaute_create)
    ai_sin_cauclaute_create_and_init         0x08002ebd   Thumb Code   134  sin_cauclaute.o(i.ai_sin_cauclaute_create_and_init)
    ai_sin_cauclaute_data_params_get         0x08002f45   Thumb Code    42  sin_cauclaute_data.o(i.ai_sin_cauclaute_data_params_get)
    ai_sin_cauclaute_get_error               0x08002f75   Thumb Code    14  sin_cauclaute.o(i.ai_sin_cauclaute_get_error)
    ai_sin_cauclaute_init                    0x08002f83   Thumb Code    60  sin_cauclaute.o(i.ai_sin_cauclaute_init)
    ai_sin_cauclaute_inputs_get              0x08002fc1   Thumb Code    24  sin_cauclaute.o(i.ai_sin_cauclaute_inputs_get)
    ai_sin_cauclaute_outputs_get             0x08002fe1   Thumb Code    24  sin_cauclaute.o(i.ai_sin_cauclaute_outputs_get)
    ai_sin_cauclaute_run                     0x08003001   Thumb Code    20  sin_cauclaute.o(i.ai_sin_cauclaute_run)
    ai_version_get                           0x08003015   Thumb Code    12  ai_datatypes_internal.o(i.ai_version_get)
    core_get_error                           0x08003021   Thumb Code    12  core_common.o(i.core_get_error)
    core_init                                0x0800302d   Thumb Code     4  core_common.o(i.core_init)
    core_set_error                           0x08003031   Thumb Code    26  core_common.o(i.core_set_error)
    forward_dense                            0x0800304d   Thumb Code   322  layers_conv2d_generic_float.o(i.forward_dense)
    forward_lite_dense_if32of32wf32          0x08003195   Thumb Code   148  lite_dense_if32.o(i.forward_lite_dense_if32of32wf32)
    forward_lite_dense_if32of32wf32_lut4     0x0800322d   Thumb Code   168  lite_dense_if32.o(i.forward_lite_dense_if32of32wf32_lut4)
    forward_lite_dense_if32of32wf32_lut8     0x080032d9   Thumb Code   168  lite_dense_if32.o(i.forward_lite_dense_if32of32wf32_lut8)
    forward_tanh                             0x08003385   Thumb Code    94  layers_nl_generic_float.o(i.forward_tanh)
    get_tensor_byte_size                     0x080033e5   Thumb Code    34  ai_datatypes_internal.o(i.get_tensor_byte_size)
    main                                     0x0800340d   Thumb Code    24  main.o(i.main)
    nl_func_tanh_array_f32                   0x08003425   Thumb Code    48  layers_nl_generic_float.o(i.nl_func_tanh_array_f32)
    post_process                             0x08003455   Thumb Code    82  app_x-cube-ai.o(i.post_process)
    st_int8_copy                             0x08003679   Thumb Code   144  st_int8_fill.o(i.st_int8_copy)
    AHBPrescTable                            0x08003708   Data          16  system_stm32f4xx.o(.constdata)
    APBPrescTable                            0x08003718   Data           8  system_stm32f4xx.o(.constdata)
    s_sin_cauclaute_weights_array_u64        0x080038c0   Data         328  sin_cauclaute_data_params.o(.constdata)
    Region$$Table$$Base                      0x08003b60   Number         0  anon$$obj.o(Region$$Table)
    Region$$Table$$Limit                     0x08003b80   Number         0  anon$$obj.o(Region$$Table)
    uwTick                                   0x20000000   Data           4  stm32f4xx_hal.o(.data)
    uwTickPrio                               0x20000004   Data           4  stm32f4xx_hal.o(.data)
    uwTickFreq                               0x20000008   Data           1  stm32f4xx_hal.o(.data)
    SystemCoreClock                          0x2000000c   Data           4  system_stm32f4xx.o(.data)
    g_sin_cauclaute_data_map_activations     0x20000694   Data          28  sin_cauclaute_data.o(.data)
    g_sin_cauclaute_data_map_weights         0x200006b0   Data          28  sin_cauclaute_data.o(.data)
    data_ins                                 0x200006cc   Data           4  app_x-cube-ai.o(.data)
    data_outs                                0x200006d0   Data           4  app_x-cube-ai.o(.data)
    data_activations0                        0x200006d4   Data           4  app_x-cube-ai.o(.data)
    gDebugLogGlobalLevel                     0x200006f0   Data           1  printservice.o(.data)
    pDebugLogDI                              0x200006f4   Data           4  printservice.o(.data)
    pDebugLogEI                              0x200006f8   Data           4  printservice.o(.data)
    pfDebugLogTime                           0x200006fc   Data           4  printservice.o(.data)
    _SEGGER_RTT                              0x200009bc   Data         168  segger_rtt.o(.bss)
    __initial_sp                             0x20001268   Data           0  startup_stm32f411xe.o(STACK)



==============================================================================

Memory Map of the image

  Image Entry point : 0x08000199

  Load Region LR_IROM1 (Base: 0x08000000, Size: 0x0000428c, Max: 0x00080000, ABSOLUTE, COMPRESSED[0x00003dbc])

    Execution Region ER_IROM1 (Exec base: 0x08000000, Load base: 0x08000000, Size: 0x00003b80, Max: 0x00080000, ABSOLUTE)

    Exec Addr    Load Addr    Size         Type   Attr      Idx    E Section Name        Object

    0x08000000   0x08000000   0x00000198   Data   RO            3    RESET               startup_stm32f411xe.o
    0x08000198   0x08000198   0x00000000   Code   RO         3981  * .ARM.Collect$$$$00000000  mc_w.l(entry.o)
    0x08000198   0x08000198   0x00000004   Code   RO         4072    .ARM.Collect$$$$00000001  mc_w.l(entry2.o)
    0x0800019c   0x0800019c   0x00000004   Code   RO         4075    .ARM.Collect$$$$00000004  mc_w.l(entry5.o)
    0x080001a0   0x080001a0   0x00000000   Code   RO         4077    .ARM.Collect$$$$00000008  mc_w.l(entry7b.o)
    0x080001a0   0x080001a0   0x00000000   Code   RO         4079    .ARM.Collect$$$$0000000A  mc_w.l(entry8b.o)
    0x080001a0   0x080001a0   0x00000008   Code   RO         4080    .ARM.Collect$$$$0000000B  mc_w.l(entry9a.o)
    0x080001a8   0x080001a8   0x00000000   Code   RO         4082    .ARM.Collect$$$$0000000D  mc_w.l(entry10a.o)
    0x080001a8   0x080001a8   0x00000000   Code   RO         4084    .ARM.Collect$$$$0000000F  mc_w.l(entry11a.o)
    0x080001a8   0x080001a8   0x00000004   Code   RO         4073    .ARM.Collect$$$$00002712  mc_w.l(entry2.o)
    0x080001ac   0x080001ac   0x00000024   Code   RO            4    .text               startup_stm32f411xe.o
    0x080001d0   0x080001d0   0x00000062   Code   RO         3984    .text               mc_w.l(uldiv.o)
    0x08000232   0x08000232   0x00000024   Code   RO         3986    .text               mc_w.l(memcpya.o)
    0x08000256   0x08000256   0x00000024   Code   RO         3988    .text               mc_w.l(memseta.o)
    0x0800027a   0x0800027a   0x0000001a   Code   RO         3992    .text               mc_w.l(memcmp.o)
    0x08000294   0x08000294   0x00000026   Code   RO         4026    .text               mf_w.l(f2d.o)
    0x080002ba   0x080002ba   0x0000001e   Code   RO         4086    .text               mc_w.l(llshl.o)
    0x080002d8   0x080002d8   0x00000020   Code   RO         4088    .text               mc_w.l(llushr.o)
    0x080002f8   0x080002f8   0x00000000   Code   RO         4099    .text               mc_w.l(iusefp.o)
    0x080002f8   0x080002f8   0x00000024   Code   RO         4106    .text               mc_w.l(init.o)
    0x0800031c   0x0800031c   0x00000056   Code   RO         4118    .text               mc_w.l(__dczerorl2.o)
    0x08000372   0x08000372   0x00000004   Code   RO          176    i.BusFault_Handler  stm32f4xx_it.o
    0x08000376   0x08000376   0x00000002   PAD
    0x08000378   0x08000378   0x00000050   Code   RO         2050    i.DEBUG_LOG_PRINTF  printservice.o
    0x080003c8   0x080003c8   0x00000002   Code   RO          177    i.DebugMon_Handler  stm32f4xx_it.o
    0x080003ca   0x080003ca   0x0000002c   Code   RO         2056    i.Divide            printservice.o
    0x080003f6   0x080003f6   0x00000006   Code   RO           13    i.Error_Handler     main.o
    0x080003fc   0x080003fc   0x00000028   Code   RO         1312    i.HAL_Delay         stm32f4xx_hal.o
    0x08000424   0x08000424   0x000001c8   Code   RO          739    i.HAL_GPIO_Init     stm32f4xx_hal_gpio.o
    0x080005ec   0x080005ec   0x0000000c   Code   RO          743    i.HAL_GPIO_WritePin  stm32f4xx_hal_gpio.o
    0x080005f8   0x080005f8   0x0000000c   Code   RO         1318    i.HAL_GetTick       stm32f4xx_hal.o
    0x08000604   0x08000604   0x00000018   Code   RO         1324    i.HAL_IncTick       stm32f4xx_hal.o
    0x0800061c   0x0800061c   0x0000003c   Code   RO         1325    i.HAL_Init          stm32f4xx_hal.o
    0x08000658   0x08000658   0x0000004c   Code   RO         1326    i.HAL_InitTick      stm32f4xx_hal.o
    0x080006a4   0x080006a4   0x00000048   Code   RO          251    i.HAL_MspInit       stm32f4xx_hal_msp.o
    0x080006ec   0x080006ec   0x0000007c   Code   RO         1161    i.HAL_NVIC_SetPriority  stm32f4xx_hal_cortex.o
    0x08000768   0x08000768   0x00000028   Code   RO         1162    i.HAL_NVIC_SetPriorityGrouping  stm32f4xx_hal_cortex.o
    0x08000790   0x08000790   0x00000184   Code   RO          276    i.HAL_RCC_ClockConfig  stm32f4xx_hal_rcc.o
    0x08000914   0x08000914   0x000000b0   Code   RO          285    i.HAL_RCC_GetSysClockFreq  stm32f4xx_hal_rcc.o
    0x080009c4   0x080009c4   0x0000049c   Code   RO          288    i.HAL_RCC_OscConfig  stm32f4xx_hal_rcc.o
    0x08000e60   0x08000e60   0x00000034   Code   RO         1166    i.HAL_SYSTICK_Config  stm32f4xx_hal_cortex.o
    0x08000e94   0x08000e94   0x00000004   Code   RO          178    i.HardFault_Handler  stm32f4xx_it.o
    0x08000e98   0x08000e98   0x00000098   Code   RO          152    i.MX_GPIO_Init      gpio.o
    0x08000f30   0x08000f30   0x0000002c   Code   RO         1931    i.MX_X_CUBE_AI_Init  app_x-cube-ai.o
    0x08000f5c   0x08000f5c   0x00000064   Code   RO         1932    i.MX_X_CUBE_AI_Process  app_x-cube-ai.o
    0x08000fc0   0x08000fc0   0x00000004   Code   RO          179    i.MemManage_Handler  stm32f4xx_it.o
    0x08000fc4   0x08000fc4   0x00000004   Code   RO          180    i.NMI_Handler       stm32f4xx_it.o
    0x08000fc8   0x08000fc8   0x00000002   Code   RO          181    i.PendSV_Handler    stm32f4xx_it.o
    0x08000fca   0x08000fca   0x00000002   PAD
    0x08000fcc   0x08000fcc   0x00000144   Code   RO         2057    i.PrintNumber       printservice.o
    0x08001110   0x08001110   0x00000012   Code   RO         2060    i.RtStrlen          printservice.o
    0x08001122   0x08001122   0x00000002   PAD
    0x08001124   0x08001124   0x00000328   Code   RO         2061    i.RtVsnprintf       printservice.o
    0x0800144c   0x0800144c   0x00000048   Code   RO         2189    i.SEGGER_RTT_Write  segger_rtt.o
    0x08001494   0x08001494   0x00000084   Code   RO         2190    i.SEGGER_RTT_WriteNoLock  segger_rtt.o
    0x08001518   0x08001518   0x00000002   Code   RO          182    i.SVC_Handler       stm32f4xx_it.o
    0x0800151a   0x0800151a   0x00000016   Code   RO         2365    i.SeggerRttWrite    seggerrtt.o
    0x08001530   0x08001530   0x00000026   Code   RO         2062    i.SkipAtoi          printservice.o
    0x08001556   0x08001556   0x00000008   Code   RO          183    i.SysTick_Handler   stm32f4xx_it.o
    0x0800155e   0x0800155e   0x00000002   PAD
    0x08001560   0x08001560   0x000000b0   Code   RO           14    i.SystemClock_Config  main.o
    0x08001610   0x08001610   0x00000014   Code   RO         1564    i.SystemInit        system_stm32f4xx.o
    0x08001624   0x08001624   0x00000004   Code   RO          184    i.UsageFault_Handler  stm32f4xx_it.o
    0x08001628   0x08001628   0x00000034   Code   RO         2194    i._DoInit           segger_rtt.o
    0x0800165c   0x0800165c   0x0000001c   Code   RO         2195    i._GetAvailWriteSpace  segger_rtt.o
    0x08001678   0x08001678   0x00000072   Code   RO         2197    i._WriteBlocking    segger_rtt.o
    0x080016ea   0x080016ea   0x0000004c   Code   RO         2198    i._WriteNoCheck     segger_rtt.o
    0x08001736   0x08001736   0x00000026   Code   RO         4034    i.__ARM_fpclassifyf  m_wm.l(fpclassifyf.o)
    0x0800175c   0x0800175c   0x00000010   Code   RO         1168    i.__NVIC_GetPriorityGrouping  stm32f4xx_hal_cortex.o
    0x0800176c   0x0800176c   0x00000028   Code   RO         1169    i.__NVIC_SetPriority  stm32f4xx_hal_cortex.o
    0x08001794   0x08001794   0x00000134   Code   RO         3054    i.__ai_math_dot_array  NetworkRuntime1020_CM4_Keil.lib(lite_dense_if32.o)
    0x080018c8   0x080018c8   0x000001e8   Code   RO         3869    i.__hardfp_expf     m_wm.l(expf.o)
    0x08001ab0   0x08001ab0   0x00000190   Code   RO         3929    i.__hardfp_sinf     m_wm.l(sinf.o)
    0x08001c40   0x08001c40   0x000000e4   Code   RO         3965    i.__hardfp_tanhf    m_wm.l(tanhf.o)
    0x08001d24   0x08001d24   0x00000006   Code   RO         4037    i.__mathlib_flt_infnan  m_wm.l(funder.o)
    0x08001d2a   0x08001d2a   0x00000002   PAD
    0x08001d2c   0x08001d2c   0x00000010   Code   RO         4039    i.__mathlib_flt_invalid  m_wm.l(funder.o)
    0x08001d3c   0x08001d3c   0x00000010   Code   RO         4040    i.__mathlib_flt_overflow  m_wm.l(funder.o)
    0x08001d4c   0x08001d4c   0x00000010   Code   RO         4042    i.__mathlib_flt_underflow  m_wm.l(funder.o)
    0x08001d5c   0x08001d5c   0x00000154   Code   RO         4057    i.__mathlib_rredf2  m_wm.l(rredf.o)
    0x08001eb0   0x08001eb0   0x0000000e   Code   RO         4112    i.__scatterload_copy  mc_w.l(handlers.o)
    0x08001ebe   0x08001ebe   0x00000002   Code   RO         4113    i.__scatterload_null  mc_w.l(handlers.o)
    0x08001ec0   0x08001ec0   0x0000000e   Code   RO         4114    i.__scatterload_zeroinit  mc_w.l(handlers.o)
    0x08001ece   0x08001ece   0x00000002   PAD
    0x08001ed0   0x08001ed0   0x0000000c   Code   RO         4094    i.__set_errno       mc_w.l(errno.o)
    0x08001edc   0x08001edc   0x00000012   Code   RO         2980    i._ai_forward_layer  NetworkRuntime1020_CM4_Keil.lib(layers.o)
    0x08001eee   0x08001eee   0x00000002   PAD
    0x08001ef0   0x08001ef0   0x000000e0   Code   RO         2625    i._ai_platform_get_io_buffers_info  NetworkRuntime1020_CM4_Keil.lib(ai_platform_interface.o)
    0x08001fd0   0x08001fd0   0x0000012c   Code   RO         3055    i._lite_dict4_dot_array_f32  NetworkRuntime1020_CM4_Keil.lib(lite_dense_if32.o)
    0x080020fc   0x080020fc   0x000000e8   Code   RO         3056    i._lite_dict8_dot_array_f32  NetworkRuntime1020_CM4_Keil.lib(lite_dense_if32.o)
    0x080021e4   0x080021e4   0x0000004c   Code   RO         2626    i._platform_ai_buffer_array_copy  NetworkRuntime1020_CM4_Keil.lib(ai_platform_interface.o)
    0x08002230   0x08002230   0x00000050   Code   RO         2627    i._platform_get_table_map_from_buffer  NetworkRuntime1020_CM4_Keil.lib(ai_platform_interface.o)
    0x08002280   0x08002280   0x00000044   Code   RO         2628    i._platform_get_table_map_from_buffer_array  NetworkRuntime1020_CM4_Keil.lib(ai_platform_interface.o)
    0x080022c4   0x080022c4   0x00000014   Code   RO         2629    i._platform_network_buffers_signature_valid  NetworkRuntime1020_CM4_Keil.lib(ai_platform_interface.o)
    0x080022d8   0x080022d8   0x00000210   Code   RO         2630    i._platform_network_io_bind  NetworkRuntime1020_CM4_Keil.lib(ai_platform_interface.o)
    0x080024e8   0x080024e8   0x0000003e   Code   RO         2631    i._platform_network_state_setup  NetworkRuntime1020_CM4_Keil.lib(ai_platform_interface.o)
    0x08002526   0x08002526   0x00000068   Code   RO         2632    i._platform_network_state_update_input  NetworkRuntime1020_CM4_Keil.lib(ai_platform_interface.o)
    0x0800258e   0x0800258e   0x0000007c   Code   RO         2633    i._platform_network_state_update_output  NetworkRuntime1020_CM4_Keil.lib(ai_platform_interface.o)
    0x0800260a   0x0800260a   0x00000002   PAD
    0x0800260c   0x0800260c   0x00000094   Code   RO         1933    i.acquire_and_process_data  app_x-cube-ai.o
    0x080026a0   0x080026a0   0x0000001e   Code   RO         2927    i.ai_array_get_data_byte_size  NetworkRuntime1020_CM4_Keil.lib(ai_datatypes_format.o)
    0x080026be   0x080026be   0x00000002   PAD
    0x080026c0   0x080026c0   0x0000012c   Code   RO         2929    i.ai_array_to_buffer_fmt  NetworkRuntime1020_CM4_Keil.lib(ai_datatypes_format.o)
    0x080027ec   0x080027ec   0x000000b4   Code   RO         1934    i.ai_boostrap       app_x-cube-ai.o
    0x080028a0   0x080028a0   0x00000024   Code   RO         2611    i.ai_buffer_array_item_set_address  NetworkRuntime1020_CM4_Keil.lib(ai_platform.o)
    0x080028c4   0x080028c4   0x00000012   Code   RO         2612    i.ai_buffer_array_sane  NetworkRuntime1020_CM4_Keil.lib(ai_platform.o)
    0x080028d6   0x080028d6   0x00000002   PAD
    0x080028d8   0x080028d8   0x00000068   Code   RO         2614    i.ai_buffer_get_size  NetworkRuntime1020_CM4_Keil.lib(ai_platform.o)
    0x08002940   0x08002940   0x0000002c   Code   RO         2982    i.ai_check_custom_types  NetworkRuntime1020_CM4_Keil.lib(layers.o)
    0x0800296c   0x0800296c   0x00000050   Code   RO         2986    i.ai_layers_forward_all  NetworkRuntime1020_CM4_Keil.lib(layers.o)
    0x080029bc   0x080029bc   0x0000001e   Code   RO         2987    i.ai_layers_init_all  NetworkRuntime1020_CM4_Keil.lib(layers.o)
    0x080029da   0x080029da   0x00000036   Code   RO         2988    i.ai_layers_post_init_all  NetworkRuntime1020_CM4_Keil.lib(layers.o)
    0x08002a10   0x08002a10   0x0000007c   Code   RO         1935    i.ai_log_err        app_x-cube-ai.o
    0x08002a8c   0x08002a8c   0x0000002c   Code   RO         2637    i.ai_platform_bind_network_params  NetworkRuntime1020_CM4_Keil.lib(ai_platform_interface.o)
    0x08002ab8   0x08002ab8   0x00000014   Code   RO         2638    i.ai_platform_context_acquire  NetworkRuntime1020_CM4_Keil.lib(ai_platform_interface.o)
    0x08002acc   0x08002acc   0x0000002c   Code   RO         2640    i.ai_platform_get_activations_map  NetworkRuntime1020_CM4_Keil.lib(ai_platform_interface.o)
    0x08002af8   0x08002af8   0x00000028   Code   RO         2641    i.ai_platform_get_weights_map  NetworkRuntime1020_CM4_Keil.lib(ai_platform_interface.o)
    0x08002b20   0x08002b20   0x00000042   Code   RO         2642    i.ai_platform_inputs_get  NetworkRuntime1020_CM4_Keil.lib(ai_platform_interface.o)
    0x08002b62   0x08002b62   0x00000002   PAD
    0x08002b64   0x08002b64   0x0000009c   Code   RO         2644    i.ai_platform_network_create  NetworkRuntime1020_CM4_Keil.lib(ai_platform_interface.o)
    0x08002c00   0x08002c00   0x0000001c   Code   RO         2646    i.ai_platform_network_get_error  NetworkRuntime1020_CM4_Keil.lib(ai_platform_interface.o)
    0x08002c1c   0x08002c1c   0x00000118   Code   RO         2647    i.ai_platform_network_init  NetworkRuntime1020_CM4_Keil.lib(ai_platform_interface.o)
    0x08002d34   0x08002d34   0x00000050   Code   RO         2648    i.ai_platform_network_post_init  NetworkRuntime1020_CM4_Keil.lib(ai_platform_interface.o)
    0x08002d84   0x08002d84   0x00000054   Code   RO         2649    i.ai_platform_network_process  NetworkRuntime1020_CM4_Keil.lib(ai_platform_interface.o)
    0x08002dd8   0x08002dd8   0x0000000c   Code   RO         2650    i.ai_platform_network_set_error  NetworkRuntime1020_CM4_Keil.lib(ai_platform_interface.o)
    0x08002de4   0x08002de4   0x00000048   Code   RO         2656    i.ai_platform_outputs_get  NetworkRuntime1020_CM4_Keil.lib(ai_platform_interface.o)
    0x08002e2c   0x08002e2c   0x00000050   Code   RO         1936    i.ai_run            app_x-cube-ai.o
    0x08002e7c   0x08002e7c   0x0000001a   Code   RO         2737    i.ai_shape_get_size  NetworkRuntime1020_CM4_Keil.lib(layers_nl_generic_float.o)
    0x08002e96   0x08002e96   0x00000002   PAD
    0x08002e98   0x08002e98   0x00000024   Code   RO         1597    i.ai_sin_cauclaute_create  sin_cauclaute.o
    0x08002ebc   0x08002ebc   0x00000086   Code   RO         1598    i.ai_sin_cauclaute_create_and_init  sin_cauclaute.o
    0x08002f42   0x08002f42   0x00000002   PAD
    0x08002f44   0x08002f44   0x00000030   Code   RO         1865    i.ai_sin_cauclaute_data_params_get  sin_cauclaute_data.o
    0x08002f74   0x08002f74   0x0000000e   Code   RO         1601    i.ai_sin_cauclaute_get_error  sin_cauclaute.o
    0x08002f82   0x08002f82   0x0000003c   Code   RO         1604    i.ai_sin_cauclaute_init  sin_cauclaute.o
    0x08002fbe   0x08002fbe   0x00000002   PAD
    0x08002fc0   0x08002fc0   0x00000020   Code   RO         1605    i.ai_sin_cauclaute_inputs_get  sin_cauclaute.o
    0x08002fe0   0x08002fe0   0x00000020   Code   RO         1606    i.ai_sin_cauclaute_outputs_get  sin_cauclaute.o
    0x08003000   0x08003000   0x00000014   Code   RO         1607    i.ai_sin_cauclaute_run  sin_cauclaute.o
    0x08003014   0x08003014   0x0000000c   Code   RO         2951    i.ai_version_get    NetworkRuntime1020_CM4_Keil.lib(ai_datatypes_internal.o)
    0x08003020   0x08003020   0x0000000c   Code   RO         2961    i.core_get_error    NetworkRuntime1020_CM4_Keil.lib(core_common.o)
    0x0800302c   0x0800302c   0x00000004   Code   RO         2962    i.core_init         NetworkRuntime1020_CM4_Keil.lib(core_common.o)
    0x08003030   0x08003030   0x0000001a   Code   RO         2963    i.core_set_error    NetworkRuntime1020_CM4_Keil.lib(core_common.o)
    0x0800304a   0x0800304a   0x00000002   PAD
    0x0800304c   0x0800304c   0x00000148   Code   RO         2707    i.forward_dense     NetworkRuntime1020_CM4_Keil.lib(layers_conv2d_generic_float.o)
    0x08003194   0x08003194   0x00000098   Code   RO         3057    i.forward_lite_dense_if32of32wf32  NetworkRuntime1020_CM4_Keil.lib(lite_dense_if32.o)
    0x0800322c   0x0800322c   0x000000ac   Code   RO         3058    i.forward_lite_dense_if32of32wf32_lut4  NetworkRuntime1020_CM4_Keil.lib(lite_dense_if32.o)
    0x080032d8   0x080032d8   0x000000ac   Code   RO         3059    i.forward_lite_dense_if32of32wf32_lut8  NetworkRuntime1020_CM4_Keil.lib(lite_dense_if32.o)
    0x08003384   0x08003384   0x0000005e   Code   RO         2779    i.forward_tanh      NetworkRuntime1020_CM4_Keil.lib(layers_nl_generic_float.o)
    0x080033e2   0x080033e2   0x00000002   PAD
    0x080033e4   0x080033e4   0x00000028   Code   RO         2952    i.get_tensor_byte_size  NetworkRuntime1020_CM4_Keil.lib(ai_datatypes_internal.o)
    0x0800340c   0x0800340c   0x00000018   Code   RO           15    i.main              main.o
    0x08003424   0x08003424   0x00000030   Code   RO         2825    i.nl_func_tanh_array_f32  NetworkRuntime1020_CM4_Keil.lib(layers_nl_generic_float.o)
    0x08003454   0x08003454   0x00000088   Code   RO         1937    i.post_process      app_x-cube-ai.o
    0x080034dc   0x080034dc   0x000000a8   Code   RO         1608    i.sin_cauclaute_configure_activations  sin_cauclaute.o
    0x08003584   0x08003584   0x000000f4   Code   RO         1609    i.sin_cauclaute_configure_weights  sin_cauclaute.o
    0x08003678   0x08003678   0x00000090   Code   RO         3704    i.st_int8_copy      NetworkRuntime1020_CM4_Keil.lib(st_int8_fill.o)
    0x08003708   0x08003708   0x00000018   Data   RO         1565    .constdata          system_stm32f4xx.o
    0x08003720   0x08003720   0x00000138   Data   RO         1611    .constdata          sin_cauclaute.o
    0x08003858   0x08003858   0x00000068   Data   RO         1868    .constdata          sin_cauclaute_data.o
    0x080038c0   0x080038c0   0x00000148   Data   RO         1915    .constdata          sin_cauclaute_data_params.o
    0x08003a08   0x08003a08   0x00000004   Data   RO         1939    .constdata          app_x-cube-ai.o
    0x08003a0c   0x08003a0c   0x0000002d   Data   RO         2064    .constdata          printservice.o
    0x08003a39   0x08003a39   0x00000003   PAD
    0x08003a3c   0x08003a3c   0x00000068   Data   RO         2659    .constdata          NetworkRuntime1020_CM4_Keil.lib(ai_platform_interface.o)
    0x08003aa4   0x08003aa4   0x00000030   Data   RO         3872    .constdata          m_wm.l(expf.o)
    0x08003ad4   0x08003ad4   0x00000020   Data   RO         4058    .constdata          m_wm.l(rredf.o)
    0x08003af4   0x08003af4   0x00000069   Data   RO         1612    .conststring        sin_cauclaute.o
    0x08003b5d   0x08003b5d   0x00000003   PAD
    0x08003b60   0x08003b60   0x00000020   Data   RO         4110    Region$$Table       anon$$obj.o


    Execution Region RW_IRAM1 (Exec base: 0x20000000, Load base: 0x08003b80, Size: 0x00001268, Max: 0x00020000, ABSOLUTE, COMPRESSED[0x0000023c])

    Exec Addr    Load Addr    Size         Type   Attr      Idx    E Section Name        Object

    0x20000000   COMPRESSED   0x00000009   Data   RW         1332    .data               stm32f4xx_hal.o
    0x20000009   COMPRESSED   0x00000003   PAD
    0x2000000c   COMPRESSED   0x00000004   Data   RW         1566    .data               system_stm32f4xx.o
    0x20000010   COMPRESSED   0x00000664   Data   RW         1613    .data               sin_cauclaute.o
    0x20000674   COMPRESSED   0x00000058   Data   RW         1869    .data               sin_cauclaute_data.o
    0x200006cc   COMPRESSED   0x00000024   Data   RW         1940    .data               app_x-cube-ai.o
    0x200006f0   COMPRESSED   0x00000018   Data   RW         2065    .data               printservice.o
    0x20000708   COMPRESSED   0x00000004   Data   RW         4095    .data               mc_w.l(errno.o)
    0x2000070c        -       0x00000058   Zero   RW         1610    .bss                sin_cauclaute.o
    0x20000764   COMPRESSED   0x0000001c   PAD
    0x20000780        -       0x0000003c   Zero   RW         1938    .bss                app_x-cube-ai.o
    0x200007bc        -       0x00000200   Zero   RW         2063    .bss                printservice.o
    0x200009bc        -       0x000000a8   Zero   RW         2199    .bss                segger_rtt.o
    0x20000a64   COMPRESSED   0x00000004   PAD
    0x20000a68        -       0x00000800   Zero   RW            1    STACK               startup_stm32f411xe.o


==============================================================================

Image component sizes


      Code (inc. data)   RO Data    RW Data    ZI Data      Debug   Object Name

       812        324          4         36         60       6260   app_x-cube-ai.o
       152         10          0          0          0        923   gpio.o
       206          8          0          0          0     380316   main.o
      1312         28         45         24        512       8033   printservice.o
       474         16          0          0        168       7858   segger_rtt.o
        22          0          0          0          0        685   seggerrtt.o
       740         82        417       1636         88      53670   sin_cauclaute.o
        48          6        104         88          0      15863   sin_cauclaute_data.o
         0          0        328          0          0        812   sin_cauclaute_data_params.o
        36          8        408          0       2048        836   startup_stm32f411xe.o
       212         36          0          9          0       9245   stm32f4xx_hal.o
       272         22          0          0          0      33618   stm32f4xx_hal_cortex.o
       468         32          0          0          0       2084   stm32f4xx_hal_gpio.o
        72          4          0          0          0        858   stm32f4xx_hal_msp.o
      1744         58          0          0          0       3896   stm32f4xx_hal_rcc.o
        34          0          0          0          0       4202   stm32f4xx_it.o
        20          6         24          4          0       1127   system_stm32f4xx.o

    ----------------------------------------------------------------------
      6636        640       1368       1800       2908     530286   Object Totals
         0          0         32          0          0          0   (incl. Generated)
        12          0          6          3         32          0   (incl. Padding)

    ----------------------------------------------------------------------

      Code (inc. data)   RO Data    RW Data    ZI Data      Debug   Library Member Name

       330         52          0          0          0        244   ai_datatypes_format.o
        52          6          0          0          0        232   ai_datatypes_internal.o
       158          8          0          0          0        368   ai_platform.o
      2212         76        104          0          0       2764   ai_platform_interface.o
        42          0          0          0          0        348   core_common.o
       226          6          0          0          0        628   layers.o
       328          6          0          0          0        148   layers_conv2d_generic_float.o
       168          0          0          0          0        380   layers_nl_generic_float.o
      1336         28          0          0          0        860   lite_dense_if32.o
       144          0          0          0          0        132   st_int8_fill.o
       488         62         48          0          0        236   expf.o
        38          0          0          0          0        116   fpclassifyf.o
        54         18          0          0          0        464   funder.o
       340         24         32          0          0        160   rredf.o
       400         56          0          0          0        212   sinf.o
       228         20          0          0          0        152   tanhf.o
        86          0          0          0          0          0   __dczerorl2.o
         0          0          0          0          0          0   entry.o
         0          0          0          0          0          0   entry10a.o
         0          0          0          0          0          0   entry11a.o
         8          4          0          0          0          0   entry2.o
         4          0          0          0          0          0   entry5.o
         0          0          0          0          0          0   entry7b.o
         0          0          0          0          0          0   entry8b.o
         8          4          0          0          0          0   entry9a.o
        12          6          0          4          0         68   errno.o
        30          0          0          0          0          0   handlers.o
        36          8          0          0          0         68   init.o
         0          0          0          0          0          0   iusefp.o
        30          0          0          0          0         68   llshl.o
        32          0          0          0          0         68   llushr.o
        26          0          0          0          0         80   memcmp.o
        36          0          0          0          0         68   memcpya.o
        36          0          0          0          0        108   memseta.o
        98          0          0          0          0         92   uldiv.o
        38          0          0          0          0         68   f2d.o

    ----------------------------------------------------------------------
      7044        384        184          4          0       8132   Library Totals
        20          0          0          0          0          0   (incl. Padding)

    ----------------------------------------------------------------------

      Code (inc. data)   RO Data    RW Data    ZI Data      Debug   Library Name

      4996        182        104          0          0       6104   NetworkRuntime1020_CM4_Keil.lib
      1548        180         80          0          0       1340   m_wm.l
       442         22          0          4          0        620   mc_w.l
        38          0          0          0          0         68   mf_w.l

    ----------------------------------------------------------------------
      7044        384        184          4          0       8132   Library Totals

    ----------------------------------------------------------------------

==============================================================================


      Code (inc. data)   RO Data    RW Data    ZI Data      Debug   

     13680       1024       1552       1804       2908     527694   Grand Totals
     13680       1024       1552        572       2908     527694   ELF Image Totals (compressed)
     13680       1024       1552        572          0          0   ROM Totals

==============================================================================

    Total RO  Size (Code + RO Data)                15232 (  14.88kB)
    Total RW  Size (RW Data + ZI Data)              4712 (   4.60kB)
    Total ROM Size (Code + RO Data + RW Data)      15804 (  15.43kB)

==============================================================================

